Archive member included to satisfy reference by file (symbol)

/usr/lib/gcc/arm-none-eabi/10.3.1/../../../arm-none-eabi/lib/thumb/v7e-m+dp/hard/libc_nano.a(lib_a-atexit.o)
                              /usr/lib/gcc/arm-none-eabi/10.3.1/../../../arm-none-eabi/lib/thumb/v7e-m+dp/hard/crt0.o (atexit)
/usr/lib/gcc/arm-none-eabi/10.3.1/../../../arm-none-eabi/lib/thumb/v7e-m+dp/hard/libc_nano.a(lib_a-exit.o)
                              /usr/lib/gcc/arm-none-eabi/10.3.1/../../../arm-none-eabi/lib/thumb/v7e-m+dp/hard/crt0.o (exit)
/usr/lib/gcc/arm-none-eabi/10.3.1/../../../arm-none-eabi/lib/thumb/v7e-m+dp/hard/libc_nano.a(lib_a-fini.o)
                              /usr/lib/gcc/arm-none-eabi/10.3.1/../../../arm-none-eabi/lib/thumb/v7e-m+dp/hard/crt0.o (__libc_fini_array)
/usr/lib/gcc/arm-none-eabi/10.3.1/../../../arm-none-eabi/lib/thumb/v7e-m+dp/hard/libc_nano.a(lib_a-impure.o)
                              /usr/lib/gcc/arm-none-eabi/10.3.1/../../../arm-none-eabi/lib/thumb/v7e-m+dp/hard/libc_nano.a(lib_a-exit.o) (_global_impure_ptr)
/usr/lib/gcc/arm-none-eabi/10.3.1/../../../arm-none-eabi/lib/thumb/v7e-m+dp/hard/libc_nano.a(lib_a-init.o)
                              /usr/lib/gcc/arm-none-eabi/10.3.1/../../../arm-none-eabi/lib/thumb/v7e-m+dp/hard/crt0.o (__libc_init_array)
/usr/lib/gcc/arm-none-eabi/10.3.1/../../../arm-none-eabi/lib/thumb/v7e-m+dp/hard/libc_nano.a(lib_a-memset.o)
                              /usr/lib/gcc/arm-none-eabi/10.3.1/../../../arm-none-eabi/lib/thumb/v7e-m+dp/hard/crt0.o (memset)
/usr/lib/gcc/arm-none-eabi/10.3.1/../../../arm-none-eabi/lib/thumb/v7e-m+dp/hard/libc_nano.a(lib_a-__atexit.o)
                              /usr/lib/gcc/arm-none-eabi/10.3.1/../../../arm-none-eabi/lib/thumb/v7e-m+dp/hard/libc_nano.a(lib_a-atexit.o) (__register_exitproc)
/usr/lib/gcc/arm-none-eabi/10.3.1/../../../arm-none-eabi/lib/thumb/v7e-m+dp/hard/libc_nano.a(lib_a-__call_atexit.o)
                              /usr/lib/gcc/arm-none-eabi/10.3.1/../../../arm-none-eabi/lib/thumb/v7e-m+dp/hard/libc_nano.a(lib_a-__atexit.o) (__call_exitprocs)
/usr/lib/gcc/arm-none-eabi/10.3.1/../../../arm-none-eabi/lib/thumb/v7e-m+dp/hard/libnosys.a(_exit.o)
                              /usr/lib/gcc/arm-none-eabi/10.3.1/../../../arm-none-eabi/lib/thumb/v7e-m+dp/hard/libc_nano.a(lib_a-exit.o) (_exit)

Discarded input sections

 .text          0x0000000000000000        0x0 /usr/lib/gcc/arm-none-eabi/10.3.1/thumb/v7e-m+dp/hard/crti.o
 .data          0x0000000000000000        0x0 /usr/lib/gcc/arm-none-eabi/10.3.1/thumb/v7e-m+dp/hard/crti.o
 .bss           0x0000000000000000        0x0 /usr/lib/gcc/arm-none-eabi/10.3.1/thumb/v7e-m+dp/hard/crti.o
 .data          0x0000000000000000        0x4 /usr/lib/gcc/arm-none-eabi/10.3.1/thumb/v7e-m+dp/hard/crtbegin.o
 .rodata        0x0000000000000000       0x24 /usr/lib/gcc/arm-none-eabi/10.3.1/thumb/v7e-m+dp/hard/crtbegin.o
 .text          0x0000000000000000       0x70 /usr/lib/gcc/arm-none-eabi/10.3.1/../../../arm-none-eabi/lib/thumb/v7e-m+dp/hard/crt0.o
 .data          0x0000000000000000        0x0 /usr/lib/gcc/arm-none-eabi/10.3.1/../../../arm-none-eabi/lib/thumb/v7e-m+dp/hard/crt0.o
 .bss           0x0000000000000000        0x0 /usr/lib/gcc/arm-none-eabi/10.3.1/../../../arm-none-eabi/lib/thumb/v7e-m+dp/hard/crt0.o
 .ARM.extab     0x0000000000000000        0x0 /usr/lib/gcc/arm-none-eabi/10.3.1/../../../arm-none-eabi/lib/thumb/v7e-m+dp/hard/crt0.o
 .ARM.exidx     0x0000000000000000       0x10 /usr/lib/gcc/arm-none-eabi/10.3.1/../../../arm-none-eabi/lib/thumb/v7e-m+dp/hard/crt0.o
 .debug_line    0x0000000000000000       0x87 /usr/lib/gcc/arm-none-eabi/10.3.1/../../../arm-none-eabi/lib/thumb/v7e-m+dp/hard/crt0.o
 .debug_info    0x0000000000000000       0x26 /usr/lib/gcc/arm-none-eabi/10.3.1/../../../arm-none-eabi/lib/thumb/v7e-m+dp/hard/crt0.o
 .debug_abbrev  0x0000000000000000       0x14 /usr/lib/gcc/arm-none-eabi/10.3.1/../../../arm-none-eabi/lib/thumb/v7e-m+dp/hard/crt0.o
 .debug_aranges
                0x0000000000000000       0x20 /usr/lib/gcc/arm-none-eabi/10.3.1/../../../arm-none-eabi/lib/thumb/v7e-m+dp/hard/crt0.o
 .debug_str     0x0000000000000000       0x98 /usr/lib/gcc/arm-none-eabi/10.3.1/../../../arm-none-eabi/lib/thumb/v7e-m+dp/hard/crt0.o
 .ARM.attributes
                0x0000000000000000       0x1c /usr/lib/gcc/arm-none-eabi/10.3.1/../../../arm-none-eabi/lib/thumb/v7e-m+dp/hard/crt0.o
 .text          0x0000000000000000        0x0 build/main.o
 .data          0x0000000000000000        0x0 build/main.o
 .bss           0x0000000000000000        0x0 build/main.o
 .text          0x0000000000000000        0x0 build/gpio.o
 .data          0x0000000000000000        0x0 build/gpio.o
 .bss           0x0000000000000000        0x0 build/gpio.o
 .text          0x0000000000000000        0x0 build/tim.o
 .data          0x0000000000000000        0x0 build/tim.o
 .bss           0x0000000000000000        0x0 build/tim.o
 .text.HAL_TIM_Base_MspDeInit
[...]
Memory Configuration

Name             Origin             Length             Attributes
DTCMRAM          0x0000000020000000 0x0000000000020000 xrw
RAM_D1           0x0000000024000000 0x0000000000080000 xrw
RAM_D2           0x0000000030000000 0x0000000000048000 xrw
RAM_D3           0x0000000038000000 0x0000000000010000 xrw
ITCMRAM          0x0000000000000000 0x0000000000010000 xrw
FLASH            0x0000000008020000 0x00000000001dfc00 xr
MEMSHARE         0x00000000081ffc00 0x0000000000000400 xr
*default*        0x0000000000000000 0xffffffffffffffff

Linker script and memory map

LOAD /usr/lib/gcc/arm-none-eabi/10.3.1/thumb/v7e-m+dp/hard/crti.o
LOAD /usr/lib/gcc/arm-none-eabi/10.3.1/thumb/v7e-m+dp/hard/crtbegin.o
LOAD /usr/lib/gcc/arm-none-eabi/10.3.1/../../../arm-none-eabi/lib/thumb/v7e-m+dp/hard/crt0.o
LOAD build/main.o
LOAD build/gpio.o
LOAD build/tim.o
LOAD build/stm32h7xx_it.o
LOAD build/stm32h7xx_hal_msp.o
LOAD build/stm32h7xx_hal_cortex.o
LOAD build/stm32h7xx_hal_tim.o
LOAD build/stm32h7xx_hal_tim_ex.o
LOAD build/stm32h7xx_hal_rcc.o
LOAD build/stm32h7xx_hal_rcc_ex.o
LOAD build/stm32h7xx_hal_flash.o
LOAD build/stm32h7xx_hal_flash_ex.o
LOAD build/stm32h7xx_hal_gpio.o
LOAD build/stm32h7xx_hal_hsem.o
LOAD build/stm32h7xx_hal_dma.o
LOAD build/stm32h7xx_hal_dma_ex.o
LOAD build/stm32h7xx_hal_mdma.o
LOAD build/stm32h7xx_hal_pwr.o
LOAD build/stm32h7xx_hal_pwr_ex.o
LOAD build/stm32h7xx_hal.o
LOAD build/stm32h7xx_hal_i2c.o
LOAD build/stm32h7xx_hal_i2c_ex.o
LOAD build/stm32h7xx_hal_exti.o
LOAD build/system_stm32h7xx.o
LOAD build/startup_stm32h743xx.o
LOAD /usr/lib/gcc/arm-none-eabi/10.3.1/../../../arm-none-eabi/lib/thumb/v7e-m+dp/hard/libc_nano.a
LOAD /usr/lib/gcc/arm-none-eabi/10.3.1/../../../arm-none-eabi/lib/thumb/v7e-m+dp/hard/libm.a
LOAD /usr/lib/gcc/arm-none-eabi/10.3.1/../../../arm-none-eabi/lib/thumb/v7e-m+dp/hard/libnosys.a
START GROUP
LOAD /usr/lib/gcc/arm-none-eabi/10.3.1/thumb/v7e-m+dp/hard/libgcc.a
LOAD /usr/lib/gcc/arm-none-eabi/10.3.1/../../../arm-none-eabi/lib/thumb/v7e-m+dp/hard/libc_nano.a
END GROUP
START GROUP
LOAD /usr/lib/gcc/arm-none-eabi/10.3.1/thumb/v7e-m+dp/hard/libgcc.a
LOAD /usr/lib/gcc/arm-none-eabi/10.3.1/../../../arm-none-eabi/lib/thumb/v7e-m+dp/hard/libc_nano.a
END GROUP
LOAD /usr/lib/gcc/arm-none-eabi/10.3.1/thumb/v7e-m+dp/hard/crtend.o
LOAD /usr/lib/gcc/arm-none-eabi/10.3.1/thumb/v7e-m+dp/hard/crtn.o
                0x0000000020020000                _estack = (ORIGIN (DTCMRAM) + LENGTH (DTCMRAM))
                0x0000000000000200                _Min_Heap_Size = 0x200
                0x0000000000000400                _Min_Stack_Size = 0x400
                0x0000000008020000                _stext = ORIGIN (FLASH)

.isr_vector     0x0000000008020000      0x298
                0x0000000008020000                . = ALIGN (0x4)
 *(.isr_vector)
 .isr_vector    0x0000000008020000      0x298 build/startup_stm32h743xx.o
                0x0000000008020000                g_pfnVectors
                0x0000000008020298                . = ALIGN (0x4)

.text           0x0000000008020298     0x21d0
                0x0000000008020298                . = ALIGN (0x4)
 *(.text)
 .text          0x0000000008020298       0x88 /usr/lib/gcc/arm-none-eabi/10.3.1/thumb/v7e-m+dp/hard/crtbegin.o
 .text          0x0000000008020320       0x48 /usr/lib/gcc/arm-none-eabi/10.3.1/../../../arm-none-eabi/lib/thumb/v7e-m+dp/hard/libc_nano.a(lib_a-init.o)
                0x0000000008020320                __libc_init_array
 .text          0x0000000008020368       0xa4 /usr/lib/gcc/arm-none-eabi/10.3.1/../../../arm-none-eabi/lib/thumb/v7e-m+dp/hard/libc_nano.a(lib_a-memset.o)
                0x0000000008020368                memset
 *(.text*)
 .text.MPU_Config
                0x000000000802040c       0x52 build/main.o
 .text.Error_Handler
                0x000000000802045e        0x4 build/main.o
                0x000000000802045e                Error_Handler
 *fill*         0x0000000008020462        0x2 
 .text.SystemClock_Config
                0x0000000008020464       0xa4 build/main.o
                0x0000000008020464                SystemClock_Config
 .text.main     0x0000000008020508       0x50 build/main.o
                0x0000000008020508                main
 .text.MX_GPIO_Init
                0x0000000008020558       0x54 build/gpio.o
                0x0000000008020558                MX_GPIO_Init
 .text.HAL_TIM_Base_MspInit
                0x00000000080205ac       0x80 build/tim.o
                0x00000000080205ac                HAL_TIM_Base_MspInit
 .text.HAL_TIM_MspPostInit
                0x000000000802062c       0xd4 build/tim.o
                0x000000000802062c                HAL_TIM_MspPostInit
 .text.MX_TIM3_Init
                0x0000000008020700       0xc8 build/tim.o
                0x0000000008020700                MX_TIM3_Init
 .text.MX_TIM15_Init
                0x00000000080207c8       0xf4 build/tim.o
                0x00000000080207c8                MX_TIM15_Init
 .text.MX_TIM16_Init
                0x00000000080208bc       0xb0 build/tim.o
                0x00000000080208bc                MX_TIM16_Init
 .text.NMI_Handler
                0x000000000802096c        0x2 build/stm32h7xx_it.o
                0x000000000802096c                NMI_Handler
 .text.HardFault_Handler
                0x000000000802096e        0x2 build/stm32h7xx_it.o
                0x000000000802096e                HardFault_Handler
 .text.MemManage_Handler
                0x0000000008020970        0x2 build/stm32h7xx_it.o
                0x0000000008020970                MemManage_Handler
 .text.BusFault_Handler
                0x0000000008020972        0x2 build/stm32h7xx_it.o
                0x0000000008020972                BusFault_Handler
 .text.UsageFault_Handler
                0x0000000008020974        0x2 build/stm32h7xx_it.o
                0x0000000008020974                UsageFault_Handler
 .text.SVC_Handler
                0x0000000008020976        0x2 build/stm32h7xx_it.o
                0x0000000008020976                SVC_Handler
 .text.DebugMon_Handler
                0x0000000008020978        0x2 build/stm32h7xx_it.o
                0x0000000008020978                DebugMon_Handler
 .text.PendSV_Handler
                0x000000000802097a        0x2 build/stm32h7xx_it.o
                0x000000000802097a                PendSV_Handler
 .text.SysTick_Handler
                0x000000000802097c        0x8 build/stm32h7xx_it.o
                0x000000000802097c                SysTick_Handler
 .text.HAL_MspInit
                0x0000000008020984       0x24 build/stm32h7xx_hal_msp.o
                0x0000000008020984                HAL_MspInit
 .text.HAL_NVIC_SetPriorityGrouping
                0x00000000080209a8       0x24 build/stm32h7xx_hal_cortex.o
                0x00000000080209a8                HAL_NVIC_SetPriorityGrouping
 .text.HAL_NVIC_SetPriority
                0x00000000080209cc       0x6c build/stm32h7xx_hal_cortex.o
                0x00000000080209cc                HAL_NVIC_SetPriority
 .text.HAL_SYSTICK_Config
                0x0000000008020a38       0x28 build/stm32h7xx_hal_cortex.o
                0x0000000008020a38                HAL_SYSTICK_Config
 .text.HAL_MPU_Disable
                0x0000000008020a60       0x1c build/stm32h7xx_hal_cortex.o
                0x0000000008020a60                HAL_MPU_Disable
 .text.HAL_MPU_Enable
                0x0000000008020a7c       0x20 build/stm32h7xx_hal_cortex.o
                0x0000000008020a7c                HAL_MPU_Enable
 .text.HAL_MPU_ConfigRegion
                0x0000000008020a9c       0x60 build/stm32h7xx_hal_cortex.o
                0x0000000008020a9c                HAL_MPU_ConfigRegion
 .text.TIM_OC1_SetConfig
                0x0000000008020afc       0xa8 build/stm32h7xx_hal_tim.o
 .text.TIM_OC3_SetConfig
                0x0000000008020ba4       0x94 build/stm32h7xx_hal_tim.o
 .text.TIM_OC4_SetConfig
                0x0000000008020c38       0x74 build/stm32h7xx_hal_tim.o
 .text.TIM_OC5_SetConfig
                0x0000000008020cac       0x74 build/stm32h7xx_hal_tim.o
 .text.TIM_OC6_SetConfig
                0x0000000008020d20       0x74 build/stm32h7xx_hal_tim.o
 .text.TIM_TI1_ConfigInputStage
                0x0000000008020d94       0x26 build/stm32h7xx_hal_tim.o
 .text.TIM_TI2_ConfigInputStage
                0x0000000008020dba       0x28 build/stm32h7xx_hal_tim.o
 *fill*         0x0000000008020de2        0x2 
 .text.TIM_ITRx_SetConfig
                0x0000000008020de4       0x14 build/stm32h7xx_hal_tim.o
 .text.HAL_TIM_OC_MspInit
                0x0000000008020df8        0x2 build/stm32h7xx_hal_tim.o
                0x0000000008020df8                HAL_TIM_OC_MspInit
 *fill*         0x0000000008020dfa        0x2 
 .text.TIM_Base_SetConfig
                0x0000000008020dfc      0x104 build/stm32h7xx_hal_tim.o
                0x0000000008020dfc                TIM_Base_SetConfig
 .text.HAL_TIM_Base_Init
                0x0000000008020f00       0x60 build/stm32h7xx_hal_tim.o
                0x0000000008020f00                HAL_TIM_Base_Init
 .text.HAL_TIM_OC_Init
                0x0000000008020f60       0x60 build/stm32h7xx_hal_tim.o
                0x0000000008020f60                HAL_TIM_OC_Init
 .text.TIM_OC2_SetConfig
                0x0000000008020fc0       0x94 build/stm32h7xx_hal_tim.o
                0x0000000008020fc0                TIM_OC2_SetConfig
 .text.HAL_TIM_OC_ConfigChannel
                0x0000000008021054       0x7a build/stm32h7xx_hal_tim.o
                0x0000000008021054                HAL_TIM_OC_ConfigChannel
 .text.TIM_ETR_SetConfig
                0x00000000080210ce       0x1a build/stm32h7xx_hal_tim.o
                0x00000000080210ce                TIM_ETR_SetConfig
 .text.HAL_TIM_ConfigClockSource
                0x00000000080210e8      0x138 build/stm32h7xx_hal_tim.o
                0x00000000080210e8                HAL_TIM_ConfigClockSource
 .text.TIM_CCxChannelCmd
                0x0000000008021220       0x1e build/stm32h7xx_hal_tim.o
                0x0000000008021220                TIM_CCxChannelCmd
 *fill*         0x000000000802123e        0x2 
 .text.HAL_TIM_OC_Start
                0x0000000008021240      0x168 build/stm32h7xx_hal_tim.o
                0x0000000008021240                HAL_TIM_OC_Start
 .text.HAL_TIMEx_MasterConfigSynchronization
                0x00000000080213a8       0xa0 build/stm32h7xx_hal_tim_ex.o
                0x00000000080213a8                HAL_TIMEx_MasterConfigSynchronization
 .text.HAL_TIMEx_ConfigBreakDeadTime
                0x0000000008021448       0x90 build/stm32h7xx_hal_tim_ex.o
                0x0000000008021448                HAL_TIMEx_ConfigBreakDeadTime
 .text.HAL_RCC_OscConfig
                0x00000000080214d8      0x674 build/stm32h7xx_hal_rcc.o
                0x00000000080214d8                HAL_RCC_OscConfig
 .text.HAL_RCC_GetSysClockFreq
                0x0000000008021b4c      0x1f4 build/stm32h7xx_hal_rcc.o
                0x0000000008021b4c                HAL_RCC_GetSysClockFreq
 .text.HAL_RCC_ClockConfig
                0x0000000008021d40      0x294 build/stm32h7xx_hal_rcc.o
                0x0000000008021d40                HAL_RCC_ClockConfig
 .text.HAL_GPIO_Init
                0x0000000008021fd4      0x220 build/stm32h7xx_hal_gpio.o
                0x0000000008021fd4                HAL_GPIO_Init
 .text.HAL_PWREx_ConfigSupply
                0x00000000080221f4       0x54 build/stm32h7xx_hal_pwr_ex.o
                0x00000000080221f4                HAL_PWREx_ConfigSupply
 .text.HAL_InitTick
                0x0000000008022248       0x50 build/stm32h7xx_hal.o
                0x0000000008022248                HAL_InitTick
 .text.HAL_Init
                0x0000000008022298       0x5c build/stm32h7xx_hal.o
                0x0000000008022298                HAL_Init
 .text.HAL_IncTick
                0x00000000080222f4       0x18 build/stm32h7xx_hal.o
                0x00000000080222f4                HAL_IncTick
 .text.HAL_GetTick
                0x000000000802230c        0xc build/stm32h7xx_hal.o
                0x000000000802230c                HAL_GetTick
 .text.HAL_GetREVID
                0x0000000008022318        0xc build/stm32h7xx_hal.o
                0x0000000008022318                HAL_GetREVID
 .text.SystemInit
                0x0000000008022324       0xd8 build/system_stm32h7xx.o
                0x0000000008022324                SystemInit
 .text.Reset_Handler
                0x00000000080223fc       0x50 build/startup_stm32h743xx.o
                0x00000000080223fc                Reset_Handler
 .text.Default_Handler
                0x000000000802244c        0x2 build/startup_stm32h743xx.o
                0x000000000802244c                RTC_Alarm_IRQHandler
                0x000000000802244c                EXTI2_IRQHandler
                0x000000000802244c                TIM8_CC_IRQHandler
                0x000000000802244c                HRTIM1_Master_IRQHandler
                0x000000000802244c                UART8_IRQHandler
                0x000000000802244c                SPI4_IRQHandler
                0x000000000802244c                TIM1_CC_IRQHandler
                0x000000000802244c                BDMA_Channel6_IRQHandler
                0x000000000802244c                DMA2_Stream5_IRQHandler
                0x000000000802244c                HRTIM1_FLT_IRQHandler
                0x000000000802244c                JPEG_IRQHandler
                0x000000000802244c                DMA1_Stream5_IRQHandler
                0x000000000802244c                BDMA_Channel1_IRQHandler
                0x000000000802244c                HRTIM1_TIMD_IRQHandler
                0x000000000802244c                TAMP_STAMP_IRQHandler
                0x000000000802244c                EXTI3_IRQHandler
                0x000000000802244c                LPTIM4_IRQHandler
                0x000000000802244c                TIM8_TRG_COM_TIM14_IRQHandler
                0x000000000802244c                LPTIM2_IRQHandler
                0x000000000802244c                DFSDM1_FLT1_IRQHandler
                0x000000000802244c                DMAMUX2_OVR_IRQHandler
                0x000000000802244c                TIM8_UP_TIM13_IRQHandler
                0x000000000802244c                I2C3_ER_IRQHandler
                0x000000000802244c                DFSDM1_FLT2_IRQHandler
                0x000000000802244c                MDMA_IRQHandler
                0x000000000802244c                LPTIM3_IRQHandler
                0x000000000802244c                HSEM1_IRQHandler
                0x000000000802244c                EXTI0_IRQHandler
                0x000000000802244c                I2C2_EV_IRQHandler
                0x000000000802244c                DMA1_Stream2_IRQHandler
                0x000000000802244c                FPU_IRQHandler
                0x000000000802244c                OTG_HS_WKUP_IRQHandler
                0x000000000802244c                FDCAN1_IT1_IRQHandler
                0x000000000802244c                LTDC_ER_IRQHandler
                0x000000000802244c                DMA2_Stream2_IRQHandler
                0x000000000802244c                HRTIM1_TIME_IRQHandler
                0x000000000802244c                SPI1_IRQHandler
                0x000000000802244c                TIM6_DAC_IRQHandler
                0x000000000802244c                DCMI_IRQHandler
                0x000000000802244c                HRTIM1_TIMC_IRQHandler
                0x000000000802244c                DMA2_Stream3_IRQHandler
                0x000000000802244c                SAI2_IRQHandler
                0x000000000802244c                DFSDM1_FLT3_IRQHandler
                0x000000000802244c                USART6_IRQHandler
                0x000000000802244c                TIM17_IRQHandler
                0x000000000802244c                USART3_IRQHandler
                0x000000000802244c                BDMA_Channel7_IRQHandler
                0x000000000802244c                LPTIM5_IRQHandler
                0x000000000802244c                UART5_IRQHandler
                0x000000000802244c                ADC3_IRQHandler
                0x000000000802244c                DMA2_Stream0_IRQHandler
                0x000000000802244c                TIM4_IRQHandler
                0x000000000802244c                BDMA_Channel2_IRQHandler
                0x000000000802244c                QUADSPI_IRQHandler
                0x000000000802244c                I2C1_EV_IRQHandler
                0x000000000802244c                DMA1_Stream6_IRQHandler
                0x000000000802244c                DMAMUX1_OVR_IRQHandler
                0x000000000802244c                DMA1_Stream1_IRQHandler
                0x000000000802244c                TIM16_IRQHandler
                0x000000000802244c                UART4_IRQHandler
                0x000000000802244c                BDMA_Channel5_IRQHandler
                0x000000000802244c                TIM3_IRQHandler
                0x000000000802244c                RCC_IRQHandler
                0x000000000802244c                TIM8_BRK_TIM12_IRQHandler
                0x000000000802244c                TIM1_TRG_COM_IRQHandler
                0x000000000802244c                Default_Handler
                0x000000000802244c                ECC_IRQHandler
                0x000000000802244c                CEC_IRQHandler
                0x000000000802244c                EXTI15_10_IRQHandler
                0x000000000802244c                BDMA_Channel0_IRQHandler
                0x000000000802244c                ADC_IRQHandler
                0x000000000802244c                DMA1_Stream7_IRQHandler
                0x000000000802244c                HRTIM1_TIMA_IRQHandler
                0x000000000802244c                SPI5_IRQHandler
                0x000000000802244c                TIM7_IRQHandler
                0x000000000802244c                SDMMC1_IRQHandler
                0x000000000802244c                TIM5_IRQHandler
                0x000000000802244c                DMA2_Stream7_IRQHandler
                0x000000000802244c                TIM15_IRQHandler
                0x000000000802244c                PVD_AVD_IRQHandler
                0x000000000802244c                I2C3_EV_IRQHandler
                0x000000000802244c                EXTI9_5_IRQHandler
                0x000000000802244c                RTC_WKUP_IRQHandler
                0x000000000802244c                LTDC_IRQHandler
                0x000000000802244c                SAI3_IRQHandler
                0x000000000802244c                ETH_WKUP_IRQHandler
                0x000000000802244c                SPDIF_RX_IRQHandler
                0x000000000802244c                SPI2_IRQHandler
                0x000000000802244c                OTG_HS_EP1_IN_IRQHandler
                0x000000000802244c                DMA1_Stream0_IRQHandler
                0x000000000802244c                CRS_IRQHandler
                0x000000000802244c                EXTI4_IRQHandler
                0x000000000802244c                RNG_IRQHandler
                0x000000000802244c                HRTIM1_TIMB_IRQHandler
                0x000000000802244c                FDCAN2_IT1_IRQHandler
                0x000000000802244c                ETH_IRQHandler
                0x000000000802244c                TIM1_UP_IRQHandler
                0x000000000802244c                BDMA_Channel4_IRQHandler
                0x000000000802244c                OTG_HS_EP1_OUT_IRQHandler
                0x000000000802244c                WWDG_IRQHandler
                0x000000000802244c                SPI6_IRQHandler
                0x000000000802244c                MDIOS_IRQHandler
                0x000000000802244c                I2C4_EV_IRQHandler
                0x000000000802244c                FDCAN2_IT0_IRQHandler
                0x000000000802244c                LPUART1_IRQHandler
                0x000000000802244c                FDCAN1_IT0_IRQHandler
                0x000000000802244c                TIM2_IRQHandler
                0x000000000802244c                OTG_FS_WKUP_IRQHandler
                0x000000000802244c                OTG_HS_IRQHandler
                0x000000000802244c                DMA2D_IRQHandler
                0x000000000802244c                TIM1_BRK_IRQHandler
                0x000000000802244c                EXTI1_IRQHandler
                0x000000000802244c                SDMMC2_IRQHandler
                0x000000000802244c                OTG_FS_EP1_OUT_IRQHandler
                0x000000000802244c                BDMA_Channel3_IRQHandler
                0x000000000802244c                UART7_IRQHandler
                0x000000000802244c                MDIOS_WKUP_IRQHandler
                0x000000000802244c                USART2_IRQHandler
                0x000000000802244c                DFSDM1_FLT0_IRQHandler
                0x000000000802244c                SAI4_IRQHandler
                0x000000000802244c                I2C2_ER_IRQHandler
                0x000000000802244c                DMA2_Stream1_IRQHandler
                0x000000000802244c                FLASH_IRQHandler
                0x000000000802244c                DMA2_Stream4_IRQHandler
                0x000000000802244c                USART1_IRQHandler
                0x000000000802244c                OTG_FS_IRQHandler
                0x000000000802244c                SPI3_IRQHandler
                0x000000000802244c                WAKEUP_PIN_IRQHandler
                0x000000000802244c                DMA1_Stream4_IRQHandler
                0x000000000802244c                OTG_FS_EP1_IN_IRQHandler
                0x000000000802244c                I2C1_ER_IRQHandler
                0x000000000802244c                FMC_IRQHandler
                0x000000000802244c                FDCAN_CAL_IRQHandler
                0x000000000802244c                SWPMI1_IRQHandler
                0x000000000802244c                COMP1_IRQHandler
                0x000000000802244c                LPTIM1_IRQHandler
                0x000000000802244c                I2C4_ER_IRQHandler
                0x000000000802244c                DMA2_Stream6_IRQHandler
                0x000000000802244c                SAI1_IRQHandler
                0x000000000802244c                DMA1_Stream3_IRQHandler
 *(.glue_7)
 .glue_7        0x000000000802244e        0x0 linker stubs
 *(.glue_7t)
 .glue_7t       0x000000000802244e        0x0 linker stubs
 *(.eh_frame)
 *fill*         0x000000000802244e        0x2 
 .eh_frame      0x0000000008022450        0x0 /usr/lib/gcc/arm-none-eabi/10.3.1/thumb/v7e-m+dp/hard/crtbegin.o
 *(.init)
 .init          0x0000000008022450        0x4 /usr/lib/gcc/arm-none-eabi/10.3.1/thumb/v7e-m+dp/hard/crti.o
                0x0000000008022450                _init
 .init          0x0000000008022454        0x8 /usr/lib/gcc/arm-none-eabi/10.3.1/thumb/v7e-m+dp/hard/crtn.o
 *(.fini)
 .fini          0x000000000802245c        0x4 /usr/lib/gcc/arm-none-eabi/10.3.1/thumb/v7e-m+dp/hard/crti.o
                0x000000000802245c                _fini
 .fini          0x0000000008022460        0x8 /usr/lib/gcc/arm-none-eabi/10.3.1/thumb/v7e-m+dp/hard/crtn.o
                0x0000000008022468                . = ALIGN (0x4)
                0x0000000008022468                _etext = .

.vfp11_veneer   0x0000000008022468        0x0
 .vfp11_veneer  0x0000000008022468        0x0 linker stubs

.v4_bx          0x0000000008022468        0x0
 .v4_bx         0x0000000008022468        0x0 linker stubs

.iplt           0x0000000008022468        0x0
 .iplt          0x0000000008022468        0x0 /usr/lib/gcc/arm-none-eabi/10.3.1/thumb/v7e-m+dp/hard/crtbegin.o

.rodata         0x0000000008022468       0x10
                0x0000000008022468                . = ALIGN (0x4)
 *(.rodata)
 *(.rodata*)
 .rodata.D1CorePrescTable
                0x0000000008022468       0x10 build/system_stm32h7xx.o
                0x0000000008022468                D1CorePrescTable
                0x0000000008022478                . = ALIGN (0x4)

.rel.dyn        0x0000000008022478        0x0
 .rel.iplt      0x0000000008022478        0x0 /usr/lib/gcc/arm-none-eabi/10.3.1/thumb/v7e-m+dp/hard/crtbegin.o

.ARM.extab
 *(.ARM.extab* .gnu.linkonce.armextab.*)

.ARM            0x0000000008022478        0x0
                0x0000000008022478                __exidx_start = .
 *(.ARM.exidx*)
                0x0000000008022478                __exidx_end = .

.MemShare       0x00000000081ffc00        0x0
                0x00000000081ffc00                . = ALIGN (0x4)
 *(.MemShare*)
 *(.MemShare.Version)
                0x00000000081ffc00                . = ALIGN (0x4)

.preinit_array  0x0000000008022478        0x0
                0x0000000008022478                PROVIDE (__preinit_array_start = .)
 *(.preinit_array*)
                0x0000000008022478                PROVIDE (__preinit_array_end = .)

.init_array     0x0000000008022478        0x4
                0x0000000008022478                PROVIDE (__init_array_start = .)
 *(SORT_BY_NAME(.init_array.*))
 *(.init_array*)
 .init_array    0x0000000008022478        0x4 /usr/lib/gcc/arm-none-eabi/10.3.1/thumb/v7e-m+dp/hard/crtbegin.o
                0x000000000802247c                PROVIDE (__init_array_end = .)

.fini_array     0x000000000802247c        0x4
                0x000000000802247c                PROVIDE (__fini_array_start = .)
 *(SORT_BY_NAME(.fini_array.*))
 *(.fini_array*)
 .fini_array    0x000000000802247c        0x4 /usr/lib/gcc/arm-none-eabi/10.3.1/thumb/v7e-m+dp/hard/crtbegin.o
                0x0000000008022480                PROVIDE (__fini_array_end = .)
                0x0000000008022480                _sidata = LOADADDR (.data)

.data           0x0000000020000000       0x10 load address 0x0000000008022480
                0x0000000020000000                . = ALIGN (0x4)
                0x0000000020000000                _sdata = .
 *(.data)
 *(.data*)
 .data.uwTickFreq
                0x0000000020000000        0x1 build/stm32h7xx_hal.o
                0x0000000020000000                uwTickFreq
 *fill*         0x0000000020000001        0x3 
 .data.uwTickPrio
                0x0000000020000004        0x4 build/stm32h7xx_hal.o
                0x0000000020000004                uwTickPrio
 .data.SystemCoreClock
                0x0000000020000008        0x4 build/system_stm32h7xx.o
                0x0000000020000008                SystemCoreClock
 .data.SystemD2Clock
                0x000000002000000c        0x4 build/system_stm32h7xx.o
                0x000000002000000c                SystemD2Clock
                0x0000000020000010                . = ALIGN (0x4)
                0x0000000020000010                _edata = .

.tm_clone_table
                0x0000000020000010        0x0 load address 0x0000000008022490
 .tm_clone_table
                0x0000000020000010        0x0 /usr/lib/gcc/arm-none-eabi/10.3.1/thumb/v7e-m+dp/hard/crtbegin.o
 .tm_clone_table
                0x0000000020000010        0x0 /usr/lib/gcc/arm-none-eabi/10.3.1/thumb/v7e-m+dp/hard/crtend.o

.igot.plt       0x0000000020000010        0x0 load address 0x0000000008022490
 .igot.plt      0x0000000020000010        0x0 /usr/lib/gcc/arm-none-eabi/10.3.1/thumb/v7e-m+dp/hard/crtbegin.o
                0x0000000020000010                . = ALIGN (0x4)

.bss            0x0000000020000010      0x104 load address 0x0000000008022490
                0x0000000020000010                _sbss = .
                0x0000000020000010                __bss_start__ = _sbss
 *(.bss)
 .bss           0x0000000020000010       0x1c /usr/lib/gcc/arm-none-eabi/10.3.1/thumb/v7e-m+dp/hard/crtbegin.o
 *(.bss*)
 .bss.htim15    0x000000002000002c       0x4c build/tim.o
                0x000000002000002c                htim15
 .bss.htim16    0x0000000020000078       0x4c build/tim.o
                0x0000000020000078                htim16
 .bss.htim3     0x00000000200000c4       0x4c build/tim.o
                0x00000000200000c4                htim3
 .bss.uwTick    0x0000000020000110        0x4 build/stm32h7xx_hal.o
                0x0000000020000110                uwTick
 *(COMMON)
                0x0000000020000114                . = ALIGN (0x4)
                0x0000000020000114                _ebss = .
                0x0000000020000114                __bss_end__ = _ebss

._user_heap_stack
                0x0000000020000114      0x604 load address 0x0000000008022490
                0x0000000020000118                . = ALIGN (0x8)
 *fill*         0x0000000020000114        0x4 
                [!provide]                        PROVIDE (end = .)
                [!provide]                        PROVIDE (_end = .)
                0x0000000020000318                . = (. + _Min_Heap_Size)
 *fill*         0x0000000020000118      0x200 
                0x0000000020000718                . = (. + _Min_Stack_Size)
 *fill*         0x0000000020000318      0x400 
                0x0000000020000718                . = ALIGN (0x8)

/DISCARD/
 libc.a(*)
 libm.a(*)
 libgcc.a(*)

.ARM.attributes
                0x0000000000000000       0x2e
 *(.ARM.attributes)
 .ARM.attributes
                0x0000000000000000       0x1e /usr/lib/gcc/arm-none-eabi/10.3.1/thumb/v7e-m+dp/hard/crti.o
 .ARM.attributes
                0x000000000000001e       0x32 /usr/lib/gcc/arm-none-eabi/10.3.1/thumb/v7e-m+dp/hard/crtbegin.o
 .ARM.attributes
                0x0000000000000050       0x32 build/main.o
 .ARM.attributes
                0x0000000000000082       0x32 build/gpio.o
 .ARM.attributes
                0x00000000000000b4       0x32 build/tim.o
 .ARM.attributes
                0x00000000000000e6       0x32 build/stm32h7xx_it.o
 .ARM.attributes
                0x0000000000000118       0x32 build/stm32h7xx_hal_msp.o
 .ARM.attributes
                0x000000000000014a       0x32 build/stm32h7xx_hal_cortex.o
 .ARM.attributes
                0x000000000000017c       0x32 build/stm32h7xx_hal_tim.o
 .ARM.attributes
                0x00000000000001ae       0x32 build/stm32h7xx_hal_tim_ex.o
 .ARM.attributes
                0x00000000000001e0       0x32 build/stm32h7xx_hal_rcc.o
 .ARM.attributes
                0x0000000000000212       0x32 build/stm32h7xx_hal_gpio.o
 .ARM.attributes
                0x0000000000000244       0x32 build/stm32h7xx_hal_pwr_ex.o
 .ARM.attributes
                0x0000000000000276       0x32 build/stm32h7xx_hal.o
 .ARM.attributes
                0x00000000000002a8       0x32 build/system_stm32h7xx.o
 .ARM.attributes
                0x00000000000002da       0x21 build/startup_stm32h743xx.o
 .ARM.attributes
                0x00000000000002fb       0x32 /usr/lib/gcc/arm-none-eabi/10.3.1/../../../arm-none-eabi/lib/thumb/v7e-m+dp/hard/libc_nano.a(lib_a-init.o)
 .ARM.attributes
                0x000000000000032d       0x32 /usr/lib/gcc/arm-none-eabi/10.3.1/../../../arm-none-eabi/lib/thumb/v7e-m+dp/hard/libc_nano.a(lib_a-memset.o)
 .ARM.attributes
                0x000000000000035f       0x30 /usr/lib/gcc/arm-none-eabi/10.3.1/thumb/v7e-m+dp/hard/crtend.o
 .ARM.attributes
                0x000000000000038f       0x1e /usr/lib/gcc/arm-none-eabi/10.3.1/thumb/v7e-m+dp/hard/crtn.o
OUTPUT(build/user_app.elf elf32-littlearm)
LOAD linker stubs
LOAD /usr/lib/gcc/arm-none-eabi/10.3.1/../../../arm-none-eabi/lib/thumb/v7e-m+dp/hard/libc.a
LOAD /usr/lib/gcc/arm-none-eabi/10.3.1/../../../arm-none-eabi/lib/thumb/v7e-m+dp/hard/libm.a
LOAD /usr/lib/gcc/arm-none-eabi/10.3.1/thumb/v7e-m+dp/hard/libgcc.a

.comment        0x0000000000000000       0x33
 .comment       0x0000000000000000       0x33 /usr/lib/gcc/arm-none-eabi/10.3.1/thumb/v7e-m+dp/hard/crtbegin.o
                                         0x34 (size before relaxing)
 .comment       0x0000000000000033       0x34 build/main.o
 .comment       0x0000000000000033       0x34 build/gpio.o
 .comment       0x0000000000000033       0x34 build/tim.o
 .comment       0x0000000000000033       0x34 build/stm32h7xx_it.o
 .comment       0x0000000000000033       0x34 build/stm32h7xx_hal_msp.o
 .comment       0x0000000000000033       0x34 build/stm32h7xx_hal_cortex.o
 .comment       0x0000000000000033       0x34 build/stm32h7xx_hal_tim.o
 .comment       0x0000000000000033       0x34 build/stm32h7xx_hal_tim_ex.o
 .comment       0x0000000000000033       0x34 build/stm32h7xx_hal_rcc.o
 .comment       0x0000000000000033       0x34 build/stm32h7xx_hal_gpio.o
 .comment       0x0000000000000033       0x34 build/stm32h7xx_hal_pwr_ex.o
 .comment       0x0000000000000033       0x34 build/stm32h7xx_hal.o
 .comment       0x0000000000000033       0x34 build/system_stm32h7xx.o
 .comment       0x0000000000000033       0x34 /usr/lib/gcc/arm-none-eabi/10.3.1/../../../arm-none-eabi/lib/thumb/v7e-m+dp/hard/libc_nano.a(lib_a-init.o)
 .comment       0x0000000000000033       0x34 /usr/lib/gcc/arm-none-eabi/10.3.1/../../../arm-none-eabi/lib/thumb/v7e-m+dp/hard/libc_nano.a(lib_a-memset.o)
 .comment       0x0000000000000033       0x34 /usr/lib/gcc/arm-none-eabi/10.3.1/thumb/v7e-m+dp/hard/crtend.o

.debug_info     0x0000000000000000    0x10af1
 .debug_info    0x0000000000000000     0x110e build/main.o
 .debug_info    0x000000000000110e      0x571 build/gpio.o
 .debug_info    0x000000000000167f     0x15e4 build/tim.o
 .debug_info    0x0000000000002c63      0x170 build/stm32h7xx_it.o
 .debug_info    0x0000000000002dd3      0x537 build/stm32h7xx_hal_msp.o
 .debug_info    0x000000000000330a     0x14e3 build/stm32h7xx_hal_cortex.o
 .debug_info    0x00000000000047ed     0x42e0 build/stm32h7xx_hal_tim.o
 .debug_info    0x0000000000008acd     0x2000 build/stm32h7xx_hal_tim_ex.o
 .debug_info    0x000000000000aacd     0x13aa build/stm32h7xx_hal_rcc.o
 .debug_info    0x000000000000be77      0xec9 build/stm32h7xx_hal_gpio.o
 .debug_info    0x000000000000cd40     0x13db build/stm32h7xx_hal_pwr_ex.o
 .debug_info    0x000000000000e11b     0x18c6 build/stm32h7xx_hal.o
 .debug_info    0x000000000000f9e1      0xe9d build/system_stm32h7xx.o
 .debug_info    0x000000000001087e       0x22 build/startup_stm32h743xx.o
 .debug_info    0x00000000000108a0      0x11a /usr/lib/gcc/arm-none-eabi/10.3.1/../../../arm-none-eabi/lib/thumb/v7e-m+dp/hard/libc_nano.a(lib_a-init.o)
 .debug_info    0x00000000000109ba      0x137 /usr/lib/gcc/arm-none-eabi/10.3.1/../../../arm-none-eabi/lib/thumb/v7e-m+dp/hard/libc_nano.a(lib_a-memset.o)

.debug_abbrev   0x0000000000000000     0x1c50
 .debug_abbrev  0x0000000000000000      0x263 build/main.o
 .debug_abbrev  0x0000000000000263       0xd3 build/gpio.o
 .debug_abbrev  0x0000000000000336      0x27f build/tim.o
 .debug_abbrev  0x00000000000005b5       0x81 build/stm32h7xx_it.o
 .debug_abbrev  0x0000000000000636       0xc8 build/stm32h7xx_hal_msp.o
 .debug_abbrev  0x00000000000006fe      0x395 build/stm32h7xx_hal_cortex.o
 .debug_abbrev  0x0000000000000a93      0x282 build/stm32h7xx_hal_tim.o
 .debug_abbrev  0x0000000000000d15      0x298 build/stm32h7xx_hal_tim_ex.o
 .debug_abbrev  0x0000000000000fad      0x27d build/stm32h7xx_hal_rcc.o
 .debug_abbrev  0x000000000000122a      0x253 build/stm32h7xx_hal_gpio.o
 .debug_abbrev  0x000000000000147d      0x2b6 build/stm32h7xx_hal_pwr_ex.o
 .debug_abbrev  0x0000000000001733      0x261 build/stm32h7xx_hal.o
 .debug_abbrev  0x0000000000001994      0x12a build/system_stm32h7xx.o
 .debug_abbrev  0x0000000000001abe       0x12 build/startup_stm32h743xx.o
 .debug_abbrev  0x0000000000001ad0       0xcc /usr/lib/gcc/arm-none-eabi/10.3.1/../../../arm-none-eabi/lib/thumb/v7e-m+dp/hard/libc_nano.a(lib_a-init.o)
 .debug_abbrev  0x0000000000001b9c       0xb4 /usr/lib/gcc/arm-none-eabi/10.3.1/../../../arm-none-eabi/lib/thumb/v7e-m+dp/hard/libc_nano.a(lib_a-memset.o)

.debug_loc      0x0000000000000000     0xb64c
 .debug_loc     0x0000000000000000       0x9e build/main.o
 .debug_loc     0x000000000000009e       0x2c build/gpio.o
 .debug_loc     0x00000000000000ca      0x1ca build/tim.o
 .debug_loc     0x0000000000000294       0x20 build/stm32h7xx_it.o
 .debug_loc     0x00000000000002b4       0x2c build/stm32h7xx_hal_msp.o
 .debug_loc     0x00000000000002e0      0x786 build/stm32h7xx_hal_cortex.o
 .debug_loc     0x0000000000000a66     0x6227 build/stm32h7xx_hal_tim.o
 .debug_loc     0x0000000000006c8d     0x2a63 build/stm32h7xx_hal_tim_ex.o
 .debug_loc     0x00000000000096f0      0xa9b build/stm32h7xx_hal_rcc.o
 .debug_loc     0x000000000000a18b      0x482 build/stm32h7xx_hal_gpio.o
 .debug_loc     0x000000000000a60d      0x65b build/stm32h7xx_hal_pwr_ex.o
 .debug_loc     0x000000000000ac68      0x526 build/stm32h7xx_hal.o
 .debug_loc     0x000000000000b18e      0x1d8 build/system_stm32h7xx.o
 .debug_loc     0x000000000000b366       0xba /usr/lib/gcc/arm-none-eabi/10.3.1/../../../arm-none-eabi/lib/thumb/v7e-m+dp/hard/libc_nano.a(lib_a-init.o)
 .debug_loc     0x000000000000b420      0x22c /usr/lib/gcc/arm-none-eabi/10.3.1/../../../arm-none-eabi/lib/thumb/v7e-m+dp/hard/libc_nano.a(lib_a-memset.o)

.debug_aranges  0x0000000000000000      0xb98
 .debug_aranges
                0x0000000000000000       0x38 build/main.o
 .debug_aranges
                0x0000000000000038       0x20 build/gpio.o
 .debug_aranges
                0x0000000000000058       0x48 build/tim.o
 .debug_aranges
                0x00000000000000a0       0x60 build/stm32h7xx_it.o
 .debug_aranges
                0x0000000000000100       0x20 build/stm32h7xx_hal_msp.o
 .debug_aranges
                0x0000000000000120       0xb0 build/stm32h7xx_hal_cortex.o
 .debug_aranges
                0x00000000000001d0      0x3e0 build/stm32h7xx_hal_tim.o
 .debug_aranges
                0x00000000000005b0      0x188 build/stm32h7xx_hal_tim_ex.o
 .debug_aranges
                0x0000000000000738       0x88 build/stm32h7xx_hal_rcc.o
 .debug_aranges
                0x00000000000007c0       0x58 build/stm32h7xx_hal_gpio.o
 .debug_aranges
                0x0000000000000818      0x158 build/stm32h7xx_hal_pwr_ex.o
 .debug_aranges
                0x0000000000000970      0x198 build/stm32h7xx_hal.o
 .debug_aranges
                0x0000000000000b08       0x28 build/system_stm32h7xx.o
 .debug_aranges
                0x0000000000000b30       0x28 build/startup_stm32h743xx.o
 .debug_aranges
                0x0000000000000b58       0x20 /usr/lib/gcc/arm-none-eabi/10.3.1/../../../arm-none-eabi/lib/thumb/v7e-m+dp/hard/libc_nano.a(lib_a-init.o)
 .debug_aranges
                0x0000000000000b78       0x20 /usr/lib/gcc/arm-none-eabi/10.3.1/../../../arm-none-eabi/lib/thumb/v7e-m+dp/hard/libc_nano.a(lib_a-memset.o)

.debug_ranges   0x0000000000000000      0xbb0
 .debug_ranges  0x0000000000000000       0x28 build/main.o
 .debug_ranges  0x0000000000000028       0x10 build/gpio.o
 .debug_ranges  0x0000000000000038       0x38 build/tim.o
 .debug_ranges  0x0000000000000070       0x50 build/stm32h7xx_it.o
 .debug_ranges  0x00000000000000c0       0x10 build/stm32h7xx_hal_msp.o
 .debug_ranges  0x00000000000000d0      0x100 build/stm32h7xx_hal_cortex.o
 .debug_ranges  0x00000000000001d0      0x3d0 build/stm32h7xx_hal_tim.o
 .debug_ranges  0x00000000000005a0      0x178 build/stm32h7xx_hal_tim_ex.o
 .debug_ranges  0x0000000000000718       0xe8 build/stm32h7xx_hal_rcc.o
 .debug_ranges  0x0000000000000800       0x48 build/stm32h7xx_hal_gpio.o
 .debug_ranges  0x0000000000000848      0x1a8 build/stm32h7xx_hal_pwr_ex.o
 .debug_ranges  0x00000000000009f0      0x188 build/stm32h7xx_hal.o
 .debug_ranges  0x0000000000000b78       0x18 build/system_stm32h7xx.o
 .debug_ranges  0x0000000000000b90       0x20 build/startup_stm32h743xx.o

.debug_line     0x0000000000000000     0xb21e
 .debug_line    0x0000000000000000      0x35d build/main.o
 .debug_line    0x000000000000035d       0xca build/gpio.o
 .debug_line    0x0000000000000427      0x5fe build/tim.o
 .debug_line    0x0000000000000a25      0x177 build/stm32h7xx_it.o
 .debug_line    0x0000000000000b9c       0xcb build/stm32h7xx_hal_msp.o
 .debug_line    0x0000000000000c67      0x6fe build/stm32h7xx_hal_cortex.o
 .debug_line    0x0000000000001365     0x4f95 build/stm32h7xx_hal_tim.o
 .debug_line    0x00000000000062fa     0x1e9c build/stm32h7xx_hal_tim_ex.o
 .debug_line    0x0000000000008196     0x1148 build/stm32h7xx_hal_rcc.o
 .debug_line    0x00000000000092de      0x62a build/stm32h7xx_hal_gpio.o
 .debug_line    0x0000000000009908      0x9f3 build/stm32h7xx_hal_pwr_ex.o
 .debug_line    0x000000000000a2fb      0x833 build/stm32h7xx_hal.o
 .debug_line    0x000000000000ab2e      0x383 build/system_stm32h7xx.o
 .debug_line    0x000000000000aeb1       0x76 build/startup_stm32h743xx.o
 .debug_line    0x000000000000af27      0x138 /usr/lib/gcc/arm-none-eabi/10.3.1/../../../arm-none-eabi/lib/thumb/v7e-m+dp/hard/libc_nano.a(lib_a-init.o)
 .debug_line    0x000000000000b05f      0x1bf /usr/lib/gcc/arm-none-eabi/10.3.1/../../../arm-none-eabi/lib/thumb/v7e-m+dp/hard/libc_nano.a(lib_a-memset.o)

.debug_str      0x0000000000000000     0x4571
 .debug_str     0x0000000000000000      0xb49 build/main.o
                                        0xc1d (size before relaxing)
 .debug_str     0x0000000000000b49      0x206 build/gpio.o
                                        0x3d2 (size before relaxing)
 .debug_str     0x0000000000000d4f      0x34e build/tim.o
                                        0xde2 (size before relaxing)
 .debug_str     0x000000000000109d       0xb4 build/stm32h7xx_it.o
                                        0x236 (size before relaxing)
 .debug_str     0x0000000000001151       0x29 build/stm32h7xx_hal_msp.o
                                        0x3de (size before relaxing)
 .debug_str     0x000000000000117a      0xd09 build/stm32h7xx_hal_cortex.o
                                       0x1020 (size before relaxing)
 .debug_str     0x0000000000001e83      0xe4d build/stm32h7xx_hal_tim.o
                                       0x1804 (size before relaxing)
 .debug_str     0x0000000000002cd0      0x544 build/stm32h7xx_hal_tim_ex.o
                                       0x1121 (size before relaxing)
 .debug_str     0x0000000000003214      0x382 build/stm32h7xx_hal_rcc.o
                                        0x9f1 (size before relaxing)
 .debug_str     0x0000000000003596      0x1e3 build/stm32h7xx_hal_gpio.o
                                        0x6b5 (size before relaxing)
 .debug_str     0x0000000000003779      0x551 build/stm32h7xx_hal_pwr_ex.o
                                        0xa2b (size before relaxing)
 .debug_str     0x0000000000003cca      0x625 build/stm32h7xx_hal.o
                                       0x1492 (size before relaxing)
 .debug_str     0x00000000000042ef       0x3d build/system_stm32h7xx.o
                                        0x711 (size before relaxing)
 .debug_str     0x000000000000432c       0x22 build/startup_stm32h743xx.o
                                         0x5d (size before relaxing)
 .debug_str     0x000000000000434e      0x179 /usr/lib/gcc/arm-none-eabi/10.3.1/../../../arm-none-eabi/lib/thumb/v7e-m+dp/hard/libc_nano.a(lib_a-init.o)
                                        0x20e (size before relaxing)
 .debug_str     0x00000000000044c7       0xaa /usr/lib/gcc/arm-none-eabi/10.3.1/../../../arm-none-eabi/lib/thumb/v7e-m+dp/hard/libc_nano.a(lib_a-memset.o)
                                        0x1c3 (size before relaxing)

.debug_frame    0x0000000000000000     0x1cc0
 .debug_frame   0x0000000000000000       0x78 build/main.o
 .debug_frame   0x0000000000000078       0x28 build/gpio.o
 .debug_frame   0x00000000000000a0       0xc4 build/tim.o
 .debug_frame   0x0000000000000164       0xa8 build/stm32h7xx_it.o
 .debug_frame   0x000000000000020c       0x28 build/stm32h7xx_hal_msp.o
 .debug_frame   0x0000000000000234      0x158 build/stm32h7xx_hal_cortex.o
 .debug_frame   0x000000000000038c      0xb6c build/stm32h7xx_hal_tim.o
 .debug_frame   0x0000000000000ef8      0x480 build/stm32h7xx_hal_tim_ex.o
 .debug_frame   0x0000000000001378      0x18c build/stm32h7xx_hal_rcc.o
 .debug_frame   0x0000000000001504       0xd4 build/stm32h7xx_hal_gpio.o
 .debug_frame   0x00000000000015d8      0x2f4 build/stm32h7xx_hal_pwr_ex.o
 .debug_frame   0x00000000000018cc      0x360 build/stm32h7xx_hal.o
 .debug_frame   0x0000000000001c2c       0x3c build/system_stm32h7xx.o
 .debug_frame   0x0000000000001c68       0x2c /usr/lib/gcc/arm-none-eabi/10.3.1/../../../arm-none-eabi/lib/thumb/v7e-m+dp/hard/libc_nano.a(lib_a-init.o)
 .debug_frame   0x0000000000001c94       0x2c /usr/lib/gcc/arm-none-eabi/10.3.1/../../../arm-none-eabi/lib/thumb/v7e-m+dp/hard/libc_nano.a(lib_a-memset.o)

Cross Reference Table

Symbol                                            File
ADC3_IRQHandler                                   build/startup_stm32h743xx.o
ADC_IRQHandler                                    build/startup_stm32h743xx.o
BDMA_Channel0_IRQHandler                          build/startup_stm32h743xx.o
BDMA_Channel1_IRQHandler                          build/startup_stm32h743xx.o
BDMA_Channel2_IRQHandler                          build/startup_stm32h743xx.o
BDMA_Channel3_IRQHandler                          build/startup_stm32h743xx.o
BDMA_Channel4_IRQHandler                          build/startup_stm32h743xx.o
BDMA_Channel5_IRQHandler                          build/startup_stm32h743xx.o
BDMA_Channel6_IRQHandler                          build/startup_stm32h743xx.o
BDMA_Channel7_IRQHandler                          build/startup_stm32h743xx.o
BusFault_Handler                                  build/stm32h7xx_it.o
CEC_IRQHandler                                    build/startup_stm32h743xx.o
COMP1_IRQHandler                                  build/startup_stm32h743xx.o
CRS_IRQHandler                                    build/startup_stm32h743xx.o
D1CorePrescTable                                  build/system_stm32h7xx.o
                                                  build/stm32h7xx_hal.o
                                                  build/stm32h7xx_hal_rcc_ex.o
                                                  build/stm32h7xx_hal_rcc.o
DCMI_IRQHandler                                   build/startup_stm32h743xx.o
DFSDM1_FLT0_IRQHandler                            build/startup_stm32h743xx.o
DFSDM1_FLT1_IRQHandler                            build/startup_stm32h743xx.o
DFSDM1_FLT2_IRQHandler                            build/startup_stm32h743xx.o
DFSDM1_FLT3_IRQHandler                            build/startup_stm32h743xx.o
DMA1_Stream0_IRQHandler                           build/startup_stm32h743xx.o
DMA1_Stream1_IRQHandler                           build/startup_stm32h743xx.o
DMA1_Stream2_IRQHandler                           build/startup_stm32h743xx.o
DMA1_Stream3_IRQHandler                           build/startup_stm32h743xx.o
DMA1_Stream4_IRQHandler                           build/startup_stm32h743xx.o
DMA1_Stream5_IRQHandler                           build/startup_stm32h743xx.o
DMA1_Stream6_IRQHandler                           build/startup_stm32h743xx.o
DMA1_Stream7_IRQHandler                           build/startup_stm32h743xx.o
DMA2D_IRQHandler                                  build/startup_stm32h743xx.o
DMA2_Stream0_IRQHandler                           build/startup_stm32h743xx.o
DMA2_Stream1_IRQHandler                           build/startup_stm32h743xx.o
DMA2_Stream2_IRQHandler                           build/startup_stm32h743xx.o
DMA2_Stream3_IRQHandler                           build/startup_stm32h743xx.o
DMA2_Stream4_IRQHandler                           build/startup_stm32h743xx.o
DMA2_Stream5_IRQHandler                           build/startup_stm32h743xx.o
DMA2_Stream6_IRQHandler                           build/startup_stm32h743xx.o
DMA2_Stream7_IRQHandler                           build/startup_stm32h743xx.o
DMAMUX1_OVR_IRQHandler                            build/startup_stm32h743xx.o
DMAMUX2_OVR_IRQHandler                            build/startup_stm32h743xx.o
DebugMon_Handler                                  build/stm32h7xx_it.o
Default_Handler                                   build/startup_stm32h743xx.o
ECC_IRQHandler                                    build/startup_stm32h743xx.o
ETH_IRQHandler                                    build/startup_stm32h743xx.o
ETH_WKUP_IRQHandler                               build/startup_stm32h743xx.o
EXTI0_IRQHandler                                  build/startup_stm32h743xx.o
EXTI15_10_IRQHandler                              build/startup_stm32h743xx.o
EXTI1_IRQHandler                                  build/startup_stm32h743xx.o
EXTI2_IRQHandler                                  build/startup_stm32h743xx.o
EXTI3_IRQHandler                                  build/startup_stm32h743xx.o
EXTI4_IRQHandler                                  build/startup_stm32h743xx.o
EXTI9_5_IRQHandler                                build/startup_stm32h743xx.o
Error_Handler                                     build/main.o
                                                  build/tim.o
FDCAN1_IT0_IRQHandler                             build/startup_stm32h743xx.o
FDCAN1_IT1_IRQHandler                             build/startup_stm32h743xx.o
FDCAN2_IT0_IRQHandler                             build/startup_stm32h743xx.o
FDCAN2_IT1_IRQHandler                             build/startup_stm32h743xx.o
FDCAN_CAL_IRQHandler                              build/startup_stm32h743xx.o
FLASH_CRC_WaitForLastOperation                    build/stm32h7xx_hal_flash.o
                                                  build/stm32h7xx_hal_flash_ex.o
FLASH_Erase_Sector                                build/stm32h7xx_hal_flash_ex.o
                                                  build/stm32h7xx_hal_flash.o
FLASH_IRQHandler                                  build/startup_stm32h743xx.o
FLASH_OB_WaitForLastOperation                     build/stm32h7xx_hal_flash.o
                                                  build/stm32h7xx_hal_flash_ex.o
FLASH_WaitForLastOperation                        build/stm32h7xx_hal_flash.o
                                                  build/stm32h7xx_hal_flash_ex.o
FMC_IRQHandler                                    build/startup_stm32h743xx.o
FPU_IRQHandler                                    build/startup_stm32h743xx.o
HAL_DBGMCU_DisableDBGSleepMode                    build/stm32h7xx_hal.o
HAL_DBGMCU_DisableDBGStandbyMode                  build/stm32h7xx_hal.o
HAL_DBGMCU_DisableDBGStopMode                     build/stm32h7xx_hal.o
HAL_DBGMCU_EnableDBGSleepMode                     build/stm32h7xx_hal.o
HAL_DBGMCU_EnableDBGStandbyMode                   build/stm32h7xx_hal.o
HAL_DBGMCU_EnableDBGStopMode                      build/stm32h7xx_hal.o
HAL_DMAEx_ChangeMemory                            build/stm32h7xx_hal_dma_ex.o
HAL_DMAEx_ConfigMuxRequestGenerator               build/stm32h7xx_hal_dma_ex.o
HAL_DMAEx_ConfigMuxSync                           build/stm32h7xx_hal_dma_ex.o
HAL_DMAEx_DisableMuxRequestGenerator              build/stm32h7xx_hal_dma_ex.o
HAL_DMAEx_EnableMuxRequestGenerator               build/stm32h7xx_hal_dma_ex.o
HAL_DMAEx_MUX_IRQHandler                          build/stm32h7xx_hal_dma_ex.o
HAL_DMAEx_MultiBufferStart                        build/stm32h7xx_hal_dma_ex.o
HAL_DMAEx_MultiBufferStart_IT                     build/stm32h7xx_hal_dma_ex.o
HAL_DMA_Abort                                     build/stm32h7xx_hal_dma.o
HAL_DMA_Abort_IT                                  build/stm32h7xx_hal_dma.o
                                                  build/stm32h7xx_hal_i2c.o
                                                  build/stm32h7xx_hal_tim_ex.o
                                                  build/stm32h7xx_hal_tim.o
HAL_DMA_DeInit                                    build/stm32h7xx_hal_dma.o
HAL_DMA_GetError                                  build/stm32h7xx_hal_dma.o
                                                  build/stm32h7xx_hal_i2c.o
HAL_DMA_GetState                                  build/stm32h7xx_hal_dma.o
                                                  build/stm32h7xx_hal_i2c.o
HAL_DMA_IRQHandler                                build/stm32h7xx_hal_dma.o
HAL_DMA_Init                                      build/stm32h7xx_hal_dma.o
HAL_DMA_PollForTransfer                           build/stm32h7xx_hal_dma.o
HAL_DMA_RegisterCallback                          build/stm32h7xx_hal_dma.o
HAL_DMA_Start                                     build/stm32h7xx_hal_dma.o
HAL_DMA_Start_IT                                  build/stm32h7xx_hal_dma.o
                                                  build/stm32h7xx_hal_i2c.o
                                                  build/stm32h7xx_hal_tim_ex.o
                                                  build/stm32h7xx_hal_tim.o
HAL_DMA_UnRegisterCallback                        build/stm32h7xx_hal_dma.o
HAL_DeInit                                        build/stm32h7xx_hal.o
HAL_Delay                                         build/stm32h7xx_hal.o
HAL_DisableCompensationCell                       build/stm32h7xx_hal.o
HAL_EXTI_ClearConfigLine                          build/stm32h7xx_hal_exti.o
HAL_EXTI_ClearPending                             build/stm32h7xx_hal_exti.o
HAL_EXTI_D1_ClearFlag                             build/stm32h7xx_hal.o
HAL_EXTI_D1_EventInputConfig                      build/stm32h7xx_hal.o
HAL_EXTI_D3_EventInputConfig                      build/stm32h7xx_hal.o
HAL_EXTI_EdgeConfig                               build/stm32h7xx_hal.o
HAL_EXTI_GenerateSWI                              build/stm32h7xx_hal_exti.o
HAL_EXTI_GenerateSWInterrupt                      build/stm32h7xx_hal.o
HAL_EXTI_GetConfigLine                            build/stm32h7xx_hal_exti.o
HAL_EXTI_GetHandle                                build/stm32h7xx_hal_exti.o
HAL_EXTI_GetPending                               build/stm32h7xx_hal_exti.o
HAL_EXTI_IRQHandler                               build/stm32h7xx_hal_exti.o
HAL_EXTI_RegisterCallback                         build/stm32h7xx_hal_exti.o
HAL_EXTI_SetConfigLine                            build/stm32h7xx_hal_exti.o
HAL_EnableCompensationCell                        build/stm32h7xx_hal.o
HAL_FLASHEx_ComputeCRC                            build/stm32h7xx_hal_flash_ex.o
HAL_FLASHEx_Erase                                 build/stm32h7xx_hal_flash_ex.o
HAL_FLASHEx_Erase_IT                              build/stm32h7xx_hal_flash_ex.o
HAL_FLASHEx_Lock_Bank1                            build/stm32h7xx_hal_flash_ex.o
HAL_FLASHEx_Lock_Bank2                            build/stm32h7xx_hal_flash_ex.o
HAL_FLASHEx_OBGetConfig                           build/stm32h7xx_hal_flash_ex.o
HAL_FLASHEx_OBProgram                             build/stm32h7xx_hal_flash_ex.o
HAL_FLASHEx_Unlock_Bank1                          build/stm32h7xx_hal_flash_ex.o
HAL_FLASHEx_Unlock_Bank2                          build/stm32h7xx_hal_flash_ex.o
HAL_FLASH_EndOfOperationCallback                  build/stm32h7xx_hal_flash.o
HAL_FLASH_GetError                                build/stm32h7xx_hal_flash.o
HAL_FLASH_IRQHandler                              build/stm32h7xx_hal_flash.o
HAL_FLASH_Lock                                    build/stm32h7xx_hal_flash.o
HAL_FLASH_OB_Launch                               build/stm32h7xx_hal_flash.o
HAL_FLASH_OB_Lock                                 build/stm32h7xx_hal_flash.o
HAL_FLASH_OB_Unlock                               build/stm32h7xx_hal_flash.o
HAL_FLASH_OperationErrorCallback                  build/stm32h7xx_hal_flash.o
HAL_FLASH_Program                                 build/stm32h7xx_hal_flash.o
HAL_FLASH_Program_IT                              build/stm32h7xx_hal_flash.o
HAL_FLASH_Unlock                                  build/stm32h7xx_hal_flash.o
HAL_GPIO_DeInit                                   build/stm32h7xx_hal_gpio.o
HAL_GPIO_EXTI_Callback                            build/stm32h7xx_hal_gpio.o
HAL_GPIO_EXTI_IRQHandler                          build/stm32h7xx_hal_gpio.o
HAL_GPIO_Init                                     build/stm32h7xx_hal_gpio.o
                                                  build/stm32h7xx_hal_rcc.o
                                                  build/tim.o
HAL_GPIO_LockPin                                  build/stm32h7xx_hal_gpio.o
HAL_GPIO_ReadPin                                  build/stm32h7xx_hal_gpio.o
HAL_GPIO_TogglePin                                build/stm32h7xx_hal_gpio.o
HAL_GPIO_WritePin                                 build/stm32h7xx_hal_gpio.o
HAL_GetCurrentCPUID                               build/stm32h7xx_hal_cortex.o
HAL_GetDEVID                                      build/stm32h7xx_hal.o
HAL_GetFMCMemorySwappingConfig                    build/stm32h7xx_hal.o
HAL_GetHalVersion                                 build/stm32h7xx_hal.o
HAL_GetREVID                                      build/stm32h7xx_hal.o
                                                  build/stm32h7xx_hal_rcc_ex.o
                                                  build/stm32h7xx_hal_rcc.o
HAL_GetTick                                       build/stm32h7xx_hal.o
                                                  build/stm32h7xx_hal_i2c.o
                                                  build/stm32h7xx_hal_pwr_ex.o
                                                  build/stm32h7xx_hal_mdma.o
                                                  build/stm32h7xx_hal_dma.o
                                                  build/stm32h7xx_hal_flash.o
                                                  build/stm32h7xx_hal_rcc_ex.o
                                                  build/stm32h7xx_hal_rcc.o
HAL_GetTickFreq                                   build/stm32h7xx_hal.o
HAL_GetTickPrio                                   build/stm32h7xx_hal.o
HAL_GetUIDw0                                      build/stm32h7xx_hal.o
HAL_GetUIDw1                                      build/stm32h7xx_hal.o
HAL_GetUIDw2                                      build/stm32h7xx_hal.o
HAL_HSEM_ActivateNotification                     build/stm32h7xx_hal_hsem.o
HAL_HSEM_DeactivateNotification                   build/stm32h7xx_hal_hsem.o
HAL_HSEM_FastTake                                 build/stm32h7xx_hal_hsem.o
HAL_HSEM_FreeCallback                             build/stm32h7xx_hal_hsem.o
HAL_HSEM_GetClearKey                              build/stm32h7xx_hal_hsem.o
HAL_HSEM_IRQHandler                               build/stm32h7xx_hal_hsem.o
HAL_HSEM_IsSemTaken                               build/stm32h7xx_hal_hsem.o
HAL_HSEM_Release                                  build/stm32h7xx_hal_hsem.o
HAL_HSEM_ReleaseAll                               build/stm32h7xx_hal_hsem.o
HAL_HSEM_SetClearKey                              build/stm32h7xx_hal_hsem.o
HAL_HSEM_Take                                     build/stm32h7xx_hal_hsem.o
HAL_I2CEx_ConfigAnalogFilter                      build/stm32h7xx_hal_i2c_ex.o
HAL_I2CEx_ConfigDigitalFilter                     build/stm32h7xx_hal_i2c_ex.o
HAL_I2CEx_DisableFastModePlus                     build/stm32h7xx_hal_i2c_ex.o
HAL_I2CEx_DisableWakeUp                           build/stm32h7xx_hal_i2c_ex.o
HAL_I2CEx_EnableFastModePlus                      build/stm32h7xx_hal_i2c_ex.o
HAL_I2CEx_EnableWakeUp                            build/stm32h7xx_hal_i2c_ex.o
HAL_I2C_AbortCpltCallback                         build/stm32h7xx_hal_i2c.o
HAL_I2C_AddrCallback                              build/stm32h7xx_hal_i2c.o
HAL_I2C_DeInit                                    build/stm32h7xx_hal_i2c.o
HAL_I2C_DisableListen_IT                          build/stm32h7xx_hal_i2c.o
HAL_I2C_ER_IRQHandler                             build/stm32h7xx_hal_i2c.o
HAL_I2C_EV_IRQHandler                             build/stm32h7xx_hal_i2c.o
HAL_I2C_EnableListen_IT                           build/stm32h7xx_hal_i2c.o
HAL_I2C_ErrorCallback                             build/stm32h7xx_hal_i2c.o
HAL_I2C_GetError                                  build/stm32h7xx_hal_i2c.o
HAL_I2C_GetMode                                   build/stm32h7xx_hal_i2c.o
HAL_I2C_GetState                                  build/stm32h7xx_hal_i2c.o
HAL_I2C_Init                                      build/stm32h7xx_hal_i2c.o
HAL_I2C_IsDeviceReady                             build/stm32h7xx_hal_i2c.o
HAL_I2C_ListenCpltCallback                        build/stm32h7xx_hal_i2c.o
HAL_I2C_MasterRxCpltCallback                      build/stm32h7xx_hal_i2c.o
HAL_I2C_MasterTxCpltCallback                      build/stm32h7xx_hal_i2c.o
HAL_I2C_Master_Abort_IT                           build/stm32h7xx_hal_i2c.o
HAL_I2C_Master_Receive                            build/stm32h7xx_hal_i2c.o
HAL_I2C_Master_Receive_DMA                        build/stm32h7xx_hal_i2c.o
HAL_I2C_Master_Receive_IT                         build/stm32h7xx_hal_i2c.o
HAL_I2C_Master_Seq_Receive_DMA                    build/stm32h7xx_hal_i2c.o
HAL_I2C_Master_Seq_Receive_IT                     build/stm32h7xx_hal_i2c.o
HAL_I2C_Master_Seq_Transmit_DMA                   build/stm32h7xx_hal_i2c.o
HAL_I2C_Master_Seq_Transmit_IT                    build/stm32h7xx_hal_i2c.o
HAL_I2C_Master_Transmit                           build/stm32h7xx_hal_i2c.o
HAL_I2C_Master_Transmit_DMA                       build/stm32h7xx_hal_i2c.o
HAL_I2C_Master_Transmit_IT                        build/stm32h7xx_hal_i2c.o
HAL_I2C_MemRxCpltCallback                         build/stm32h7xx_hal_i2c.o
HAL_I2C_MemTxCpltCallback                         build/stm32h7xx_hal_i2c.o
HAL_I2C_Mem_Read                                  build/stm32h7xx_hal_i2c.o
HAL_I2C_Mem_Read_DMA                              build/stm32h7xx_hal_i2c.o
HAL_I2C_Mem_Read_IT                               build/stm32h7xx_hal_i2c.o
HAL_I2C_Mem_Write                                 build/stm32h7xx_hal_i2c.o
HAL_I2C_Mem_Write_DMA                             build/stm32h7xx_hal_i2c.o
HAL_I2C_Mem_Write_IT                              build/stm32h7xx_hal_i2c.o
HAL_I2C_MspDeInit                                 build/stm32h7xx_hal_i2c.o
HAL_I2C_MspInit                                   build/stm32h7xx_hal_i2c.o
HAL_I2C_SlaveRxCpltCallback                       build/stm32h7xx_hal_i2c.o
HAL_I2C_SlaveTxCpltCallback                       build/stm32h7xx_hal_i2c.o
HAL_I2C_Slave_Receive                             build/stm32h7xx_hal_i2c.o
HAL_I2C_Slave_Receive_DMA                         build/stm32h7xx_hal_i2c.o
HAL_I2C_Slave_Receive_IT                          build/stm32h7xx_hal_i2c.o
HAL_I2C_Slave_Seq_Receive_DMA                     build/stm32h7xx_hal_i2c.o
HAL_I2C_Slave_Seq_Receive_IT                      build/stm32h7xx_hal_i2c.o
HAL_I2C_Slave_Seq_Transmit_DMA                    build/stm32h7xx_hal_i2c.o
HAL_I2C_Slave_Seq_Transmit_IT                     build/stm32h7xx_hal_i2c.o
HAL_I2C_Slave_Transmit                            build/stm32h7xx_hal_i2c.o
HAL_I2C_Slave_Transmit_DMA                        build/stm32h7xx_hal_i2c.o
HAL_I2C_Slave_Transmit_IT                         build/stm32h7xx_hal_i2c.o
HAL_IncTick                                       build/stm32h7xx_hal.o
                                                  build/stm32h7xx_it.o
HAL_Init                                          build/stm32h7xx_hal.o
                                                  build/main.o
HAL_InitTick                                      build/stm32h7xx_hal.o
                                                  build/stm32h7xx_hal_rcc.o
HAL_MDMA_Abort                                    build/stm32h7xx_hal_mdma.o
HAL_MDMA_Abort_IT                                 build/stm32h7xx_hal_mdma.o
HAL_MDMA_ConfigPostRequestMask                    build/stm32h7xx_hal_mdma.o
HAL_MDMA_DeInit                                   build/stm32h7xx_hal_mdma.o
HAL_MDMA_GenerateSWRequest                        build/stm32h7xx_hal_mdma.o
HAL_MDMA_GetError                                 build/stm32h7xx_hal_mdma.o
HAL_MDMA_GetState                                 build/stm32h7xx_hal_mdma.o
HAL_MDMA_IRQHandler                               build/stm32h7xx_hal_mdma.o
HAL_MDMA_Init                                     build/stm32h7xx_hal_mdma.o
HAL_MDMA_LinkedList_AddNode                       build/stm32h7xx_hal_mdma.o
HAL_MDMA_LinkedList_CreateNode                    build/stm32h7xx_hal_mdma.o
HAL_MDMA_LinkedList_DisableCircularMode           build/stm32h7xx_hal_mdma.o
HAL_MDMA_LinkedList_EnableCircularMode            build/stm32h7xx_hal_mdma.o
HAL_MDMA_LinkedList_RemoveNode                    build/stm32h7xx_hal_mdma.o
HAL_MDMA_PollForTransfer                          build/stm32h7xx_hal_mdma.o
HAL_MDMA_RegisterCallback                         build/stm32h7xx_hal_mdma.o
HAL_MDMA_Start                                    build/stm32h7xx_hal_mdma.o
HAL_MDMA_Start_IT                                 build/stm32h7xx_hal_mdma.o
HAL_MDMA_UnRegisterCallback                       build/stm32h7xx_hal_mdma.o
HAL_MPU_ConfigRegion                              build/stm32h7xx_hal_cortex.o
                                                  build/main.o
HAL_MPU_Disable                                   build/stm32h7xx_hal_cortex.o
                                                  build/main.o
HAL_MPU_Enable                                    build/stm32h7xx_hal_cortex.o
                                                  build/main.o
HAL_MspDeInit                                     build/stm32h7xx_hal.o
HAL_MspInit                                       build/stm32h7xx_hal_msp.o
HAL_NVIC_ClearPendingIRQ                          build/stm32h7xx_hal_cortex.o
HAL_NVIC_DisableIRQ                               build/stm32h7xx_hal_cortex.o
HAL_NVIC_EnableIRQ                                build/stm32h7xx_hal_cortex.o
HAL_NVIC_GetActive                                build/stm32h7xx_hal_cortex.o
HAL_NVIC_GetPendingIRQ                            build/stm32h7xx_hal_cortex.o
HAL_NVIC_GetPriority                              build/stm32h7xx_hal_cortex.o
HAL_NVIC_GetPriorityGrouping                      build/stm32h7xx_hal_cortex.o
HAL_NVIC_SetPendingIRQ                            build/stm32h7xx_hal_cortex.o
HAL_NVIC_SetPriority                              build/stm32h7xx_hal_cortex.o
                                                  build/stm32h7xx_hal.o
HAL_NVIC_SetPriorityGrouping                      build/stm32h7xx_hal_cortex.o
                                                  build/stm32h7xx_hal.o
HAL_NVIC_SystemReset                              build/stm32h7xx_hal_cortex.o
HAL_PWREx_AVDCallback                             build/stm32h7xx_hal_pwr_ex.o
HAL_PWREx_ClearPendingEvent                       build/stm32h7xx_hal_pwr_ex.o
HAL_PWREx_ClearWakeupFlag                         build/stm32h7xx_hal_pwr_ex.o
HAL_PWREx_ConfigAVD                               build/stm32h7xx_hal_pwr_ex.o
HAL_PWREx_ConfigD3Domain                          build/stm32h7xx_hal_pwr_ex.o
HAL_PWREx_ConfigSupply                            build/stm32h7xx_hal_pwr_ex.o
                                                  build/main.o
HAL_PWREx_ControlStopModeVoltageScaling           build/stm32h7xx_hal_pwr_ex.o
HAL_PWREx_ControlVoltageScaling                   build/stm32h7xx_hal_pwr_ex.o
HAL_PWREx_DisableAVD                              build/stm32h7xx_hal_pwr_ex.o
HAL_PWREx_DisableBatteryCharging                  build/stm32h7xx_hal_pwr_ex.o
HAL_PWREx_DisableBkUpReg                          build/stm32h7xx_hal_pwr_ex.o
HAL_PWREx_DisableFlashPowerDown                   build/stm32h7xx_hal_pwr_ex.o
HAL_PWREx_DisableMonitoring                       build/stm32h7xx_hal_pwr_ex.o
HAL_PWREx_DisableUSBReg                           build/stm32h7xx_hal_pwr_ex.o
HAL_PWREx_DisableUSBVoltageDetector               build/stm32h7xx_hal_pwr_ex.o
HAL_PWREx_DisableWakeUpPin                        build/stm32h7xx_hal_pwr_ex.o
HAL_PWREx_EnableAVD                               build/stm32h7xx_hal_pwr_ex.o
HAL_PWREx_EnableBatteryCharging                   build/stm32h7xx_hal_pwr_ex.o
HAL_PWREx_EnableBkUpReg                           build/stm32h7xx_hal_pwr_ex.o
HAL_PWREx_EnableFlashPowerDown                    build/stm32h7xx_hal_pwr_ex.o
HAL_PWREx_EnableMonitoring                        build/stm32h7xx_hal_pwr_ex.o
HAL_PWREx_EnableUSBReg                            build/stm32h7xx_hal_pwr_ex.o
HAL_PWREx_EnableUSBVoltageDetector                build/stm32h7xx_hal_pwr_ex.o
HAL_PWREx_EnableWakeUpPin                         build/stm32h7xx_hal_pwr_ex.o
HAL_PWREx_EnterSTANDBYMode                        build/stm32h7xx_hal_pwr_ex.o
HAL_PWREx_EnterSTOPMode                           build/stm32h7xx_hal_pwr_ex.o
HAL_PWREx_GetStopModeVoltageRange                 build/stm32h7xx_hal_pwr_ex.o
HAL_PWREx_GetSupplyConfig                         build/stm32h7xx_hal_pwr_ex.o
HAL_PWREx_GetTemperatureLevel                     build/stm32h7xx_hal_pwr_ex.o
HAL_PWREx_GetVBATLevel                            build/stm32h7xx_hal_pwr_ex.o
HAL_PWREx_GetVoltageRange                         build/stm32h7xx_hal_pwr_ex.o
HAL_PWREx_GetWakeupFlag                           build/stm32h7xx_hal_pwr_ex.o
HAL_PWREx_PVD_AVD_IRQHandler                      build/stm32h7xx_hal_pwr_ex.o
HAL_PWREx_WAKEUP_PIN_IRQHandler                   build/stm32h7xx_hal_pwr_ex.o
HAL_PWREx_WKUP1_Callback                          build/stm32h7xx_hal_pwr_ex.o
HAL_PWREx_WKUP2_Callback                          build/stm32h7xx_hal_pwr_ex.o
HAL_PWREx_WKUP3_Callback                          build/stm32h7xx_hal_pwr_ex.o
HAL_PWREx_WKUP4_Callback                          build/stm32h7xx_hal_pwr_ex.o
HAL_PWREx_WKUP5_Callback                          build/stm32h7xx_hal_pwr_ex.o
HAL_PWREx_WKUP6_Callback                          build/stm32h7xx_hal_pwr_ex.o
HAL_PWR_ConfigPVD                                 build/stm32h7xx_hal_pwr.o
HAL_PWR_DeInit                                    build/stm32h7xx_hal_pwr.o
HAL_PWR_DisableBkUpAccess                         build/stm32h7xx_hal_pwr.o
HAL_PWR_DisablePVD                                build/stm32h7xx_hal_pwr.o
HAL_PWR_DisableSEVOnPend                          build/stm32h7xx_hal_pwr.o
HAL_PWR_DisableSleepOnExit                        build/stm32h7xx_hal_pwr.o
HAL_PWR_DisableWakeUpPin                          build/stm32h7xx_hal_pwr.o
HAL_PWR_EnableBkUpAccess                          build/stm32h7xx_hal_pwr.o
HAL_PWR_EnablePVD                                 build/stm32h7xx_hal_pwr.o
HAL_PWR_EnableSEVOnPend                           build/stm32h7xx_hal_pwr.o
HAL_PWR_EnableSleepOnExit                         build/stm32h7xx_hal_pwr.o
HAL_PWR_EnableWakeUpPin                           build/stm32h7xx_hal_pwr.o
HAL_PWR_EnterSLEEPMode                            build/stm32h7xx_hal_pwr.o
HAL_PWR_EnterSTANDBYMode                          build/stm32h7xx_hal_pwr.o
HAL_PWR_EnterSTOPMode                             build/stm32h7xx_hal_pwr.o
HAL_PWR_PVDCallback                               build/stm32h7xx_hal_pwr.o
                                                  build/stm32h7xx_hal_pwr_ex.o
HAL_PWR_PVD_IRQHandler                            build/stm32h7xx_hal_pwr.o
HAL_RCCEx_CRSConfig                               build/stm32h7xx_hal_rcc_ex.o
HAL_RCCEx_CRSGetSynchronizationInfo               build/stm32h7xx_hal_rcc_ex.o
HAL_RCCEx_CRSSoftwareSynchronizationGenerate      build/stm32h7xx_hal_rcc_ex.o
HAL_RCCEx_CRSWaitSynchronization                  build/stm32h7xx_hal_rcc_ex.o
HAL_RCCEx_CRS_ErrorCallback                       build/stm32h7xx_hal_rcc_ex.o
HAL_RCCEx_CRS_ExpectedSyncCallback                build/stm32h7xx_hal_rcc_ex.o
HAL_RCCEx_CRS_IRQHandler                          build/stm32h7xx_hal_rcc_ex.o
HAL_RCCEx_CRS_SyncOkCallback                      build/stm32h7xx_hal_rcc_ex.o
HAL_RCCEx_CRS_SyncWarnCallback                    build/stm32h7xx_hal_rcc_ex.o
HAL_RCCEx_DisableLSECSS                           build/stm32h7xx_hal_rcc_ex.o
HAL_RCCEx_EnableLSECSS                            build/stm32h7xx_hal_rcc_ex.o
HAL_RCCEx_EnableLSECSS_IT                         build/stm32h7xx_hal_rcc_ex.o
HAL_RCCEx_GetD1PCLK1Freq                          build/stm32h7xx_hal_rcc_ex.o
HAL_RCCEx_GetD1SysClockFreq                       build/stm32h7xx_hal_rcc_ex.o
HAL_RCCEx_GetD3PCLK1Freq                          build/stm32h7xx_hal_rcc_ex.o
HAL_RCCEx_GetPLL1ClockFreq                        build/stm32h7xx_hal_rcc_ex.o
HAL_RCCEx_GetPLL2ClockFreq                        build/stm32h7xx_hal_rcc_ex.o
HAL_RCCEx_GetPLL3ClockFreq                        build/stm32h7xx_hal_rcc_ex.o
HAL_RCCEx_GetPeriphCLKConfig                      build/stm32h7xx_hal_rcc_ex.o
HAL_RCCEx_GetPeriphCLKFreq                        build/stm32h7xx_hal_rcc_ex.o
HAL_RCCEx_KerWakeUpStopCLKConfig                  build/stm32h7xx_hal_rcc_ex.o
HAL_RCCEx_LSECSS_Callback                         build/stm32h7xx_hal_rcc_ex.o
HAL_RCCEx_LSECSS_IRQHandler                       build/stm32h7xx_hal_rcc_ex.o
HAL_RCCEx_PeriphCLKConfig                         build/stm32h7xx_hal_rcc_ex.o
HAL_RCCEx_WWDGxSysResetConfig                     build/stm32h7xx_hal_rcc_ex.o
HAL_RCCEx_WakeUpStopCLKConfig                     build/stm32h7xx_hal_rcc_ex.o
HAL_RCC_CSSCallback                               build/stm32h7xx_hal_rcc.o
HAL_RCC_ClockConfig                               build/stm32h7xx_hal_rcc.o
                                                  build/main.o
HAL_RCC_DeInit                                    build/stm32h7xx_hal_rcc.o
HAL_RCC_DisableCSS                                build/stm32h7xx_hal_rcc.o
HAL_RCC_EnableCSS                                 build/stm32h7xx_hal_rcc.o
HAL_RCC_GetClockConfig                            build/stm32h7xx_hal_rcc.o
HAL_RCC_GetHCLKFreq                               build/stm32h7xx_hal_rcc.o
                                                  build/stm32h7xx_hal_rcc_ex.o
HAL_RCC_GetOscConfig                              build/stm32h7xx_hal_rcc.o
HAL_RCC_GetPCLK1Freq                              build/stm32h7xx_hal_rcc.o
HAL_RCC_GetPCLK2Freq                              build/stm32h7xx_hal_rcc.o
HAL_RCC_GetSysClockFreq                           build/stm32h7xx_hal_rcc.o
                                                  build/stm32h7xx_hal.o
                                                  build/stm32h7xx_hal_rcc_ex.o
HAL_RCC_MCOConfig                                 build/stm32h7xx_hal_rcc.o
HAL_RCC_NMI_IRQHandler                            build/stm32h7xx_hal_rcc.o
HAL_RCC_OscConfig                                 build/stm32h7xx_hal_rcc.o
                                                  build/main.o
HAL_ResumeTick                                    build/stm32h7xx_hal.o
HAL_SYSCFG_AnalogSwitchConfig                     build/stm32h7xx_hal.o
HAL_SYSCFG_CM7BootAddConfig                       build/stm32h7xx_hal.o
HAL_SYSCFG_CompensationCodeConfig                 build/stm32h7xx_hal.o
HAL_SYSCFG_CompensationCodeSelect                 build/stm32h7xx_hal.o
HAL_SYSCFG_DisableBOOST                           build/stm32h7xx_hal.o
HAL_SYSCFG_DisableIOSpeedOptimize                 build/stm32h7xx_hal.o
HAL_SYSCFG_DisableVREFBUF                         build/stm32h7xx_hal.o
HAL_SYSCFG_ETHInterfaceSelect                     build/stm32h7xx_hal.o
HAL_SYSCFG_EnableBOOST                            build/stm32h7xx_hal.o
HAL_SYSCFG_EnableIOSpeedOptimize                  build/stm32h7xx_hal.o
HAL_SYSCFG_EnableVREFBUF                          build/stm32h7xx_hal.o
HAL_SYSCFG_VREFBUF_HighImpedanceConfig            build/stm32h7xx_hal.o
HAL_SYSCFG_VREFBUF_TrimmingConfig                 build/stm32h7xx_hal.o
HAL_SYSCFG_VREFBUF_VoltageScalingConfig           build/stm32h7xx_hal.o
HAL_SYSTICK_CLKSourceConfig                       build/stm32h7xx_hal_cortex.o
HAL_SYSTICK_Callback                              build/stm32h7xx_hal_cortex.o
HAL_SYSTICK_Config                                build/stm32h7xx_hal_cortex.o
                                                  build/stm32h7xx_hal.o
HAL_SYSTICK_IRQHandler                            build/stm32h7xx_hal_cortex.o
HAL_SetFMCMemorySwappingConfig                    build/stm32h7xx_hal.o
HAL_SetTickFreq                                   build/stm32h7xx_hal.o
HAL_SuspendTick                                   build/stm32h7xx_hal.o
HAL_TIMEx_Break2Callback                          build/stm32h7xx_hal_tim_ex.o
                                                  build/stm32h7xx_hal_tim.o
HAL_TIMEx_BreakCallback                           build/stm32h7xx_hal_tim_ex.o
                                                  build/stm32h7xx_hal_tim.o
HAL_TIMEx_CommutCallback                          build/stm32h7xx_hal_tim_ex.o
                                                  build/stm32h7xx_hal_tim.o
HAL_TIMEx_CommutHalfCpltCallback                  build/stm32h7xx_hal_tim_ex.o
HAL_TIMEx_ConfigBreakDeadTime                     build/stm32h7xx_hal_tim_ex.o
                                                  build/tim.o
HAL_TIMEx_ConfigBreakInput                        build/stm32h7xx_hal_tim_ex.o
HAL_TIMEx_ConfigCommutEvent                       build/stm32h7xx_hal_tim_ex.o
HAL_TIMEx_ConfigCommutEvent_DMA                   build/stm32h7xx_hal_tim_ex.o
HAL_TIMEx_ConfigCommutEvent_IT                    build/stm32h7xx_hal_tim_ex.o
HAL_TIMEx_GetChannelNState                        build/stm32h7xx_hal_tim_ex.o
HAL_TIMEx_GroupChannel5                           build/stm32h7xx_hal_tim_ex.o
HAL_TIMEx_HallSensor_DeInit                       build/stm32h7xx_hal_tim_ex.o
HAL_TIMEx_HallSensor_GetState                     build/stm32h7xx_hal_tim_ex.o
HAL_TIMEx_HallSensor_Init                         build/stm32h7xx_hal_tim_ex.o
HAL_TIMEx_HallSensor_MspDeInit                    build/stm32h7xx_hal_tim_ex.o
HAL_TIMEx_HallSensor_MspInit                      build/stm32h7xx_hal_tim_ex.o
HAL_TIMEx_HallSensor_Start                        build/stm32h7xx_hal_tim_ex.o
HAL_TIMEx_HallSensor_Start_DMA                    build/stm32h7xx_hal_tim_ex.o
HAL_TIMEx_HallSensor_Start_IT                     build/stm32h7xx_hal_tim_ex.o
HAL_TIMEx_HallSensor_Stop                         build/stm32h7xx_hal_tim_ex.o
HAL_TIMEx_HallSensor_Stop_DMA                     build/stm32h7xx_hal_tim_ex.o
HAL_TIMEx_HallSensor_Stop_IT                      build/stm32h7xx_hal_tim_ex.o
HAL_TIMEx_MasterConfigSynchronization             build/stm32h7xx_hal_tim_ex.o
                                                  build/tim.o
HAL_TIMEx_OCN_Start                               build/stm32h7xx_hal_tim_ex.o
HAL_TIMEx_OCN_Start_DMA                           build/stm32h7xx_hal_tim_ex.o
HAL_TIMEx_OCN_Start_IT                            build/stm32h7xx_hal_tim_ex.o
HAL_TIMEx_OCN_Stop                                build/stm32h7xx_hal_tim_ex.o
HAL_TIMEx_OCN_Stop_DMA                            build/stm32h7xx_hal_tim_ex.o
HAL_TIMEx_OCN_Stop_IT                             build/stm32h7xx_hal_tim_ex.o
HAL_TIMEx_OnePulseN_Start                         build/stm32h7xx_hal_tim_ex.o
HAL_TIMEx_OnePulseN_Start_IT                      build/stm32h7xx_hal_tim_ex.o
HAL_TIMEx_OnePulseN_Stop                          build/stm32h7xx_hal_tim_ex.o
HAL_TIMEx_OnePulseN_Stop_IT                       build/stm32h7xx_hal_tim_ex.o
HAL_TIMEx_PWMN_Start                              build/stm32h7xx_hal_tim_ex.o
HAL_TIMEx_PWMN_Start_DMA                          build/stm32h7xx_hal_tim_ex.o
HAL_TIMEx_PWMN_Start_IT                           build/stm32h7xx_hal_tim_ex.o
HAL_TIMEx_PWMN_Stop                               build/stm32h7xx_hal_tim_ex.o
HAL_TIMEx_PWMN_Stop_DMA                           build/stm32h7xx_hal_tim_ex.o
HAL_TIMEx_PWMN_Stop_IT                            build/stm32h7xx_hal_tim_ex.o
HAL_TIMEx_RemapConfig                             build/stm32h7xx_hal_tim_ex.o
HAL_TIMEx_TISelection                             build/stm32h7xx_hal_tim_ex.o
HAL_TIM_Base_DeInit                               build/stm32h7xx_hal_tim.o
HAL_TIM_Base_GetState                             build/stm32h7xx_hal_tim.o
HAL_TIM_Base_Init                                 build/stm32h7xx_hal_tim.o
                                                  build/tim.o
HAL_TIM_Base_MspDeInit                            build/tim.o
HAL_TIM_Base_MspInit                              build/tim.o
HAL_TIM_Base_Start                                build/stm32h7xx_hal_tim.o
HAL_TIM_Base_Start_DMA                            build/stm32h7xx_hal_tim.o
HAL_TIM_Base_Start_IT                             build/stm32h7xx_hal_tim.o
HAL_TIM_Base_Stop                                 build/stm32h7xx_hal_tim.o
HAL_TIM_Base_Stop_DMA                             build/stm32h7xx_hal_tim.o
HAL_TIM_Base_Stop_IT                              build/stm32h7xx_hal_tim.o
HAL_TIM_ConfigClockSource                         build/stm32h7xx_hal_tim.o
                                                  build/tim.o
HAL_TIM_ConfigOCrefClear                          build/stm32h7xx_hal_tim.o
HAL_TIM_ConfigTI1Input                            build/stm32h7xx_hal_tim.o
HAL_TIM_DMABurstState                             build/stm32h7xx_hal_tim.o
HAL_TIM_DMABurst_MultiReadStart                   build/stm32h7xx_hal_tim.o
HAL_TIM_DMABurst_MultiWriteStart                  build/stm32h7xx_hal_tim.o
HAL_TIM_DMABurst_ReadStart                        build/stm32h7xx_hal_tim.o
HAL_TIM_DMABurst_ReadStop                         build/stm32h7xx_hal_tim.o
HAL_TIM_DMABurst_WriteStart                       build/stm32h7xx_hal_tim.o
HAL_TIM_DMABurst_WriteStop                        build/stm32h7xx_hal_tim.o
HAL_TIM_Encoder_DeInit                            build/stm32h7xx_hal_tim.o
HAL_TIM_Encoder_GetState                          build/stm32h7xx_hal_tim.o
HAL_TIM_Encoder_Init                              build/stm32h7xx_hal_tim.o
HAL_TIM_Encoder_MspDeInit                         build/stm32h7xx_hal_tim.o
HAL_TIM_Encoder_MspInit                           build/stm32h7xx_hal_tim.o
HAL_TIM_Encoder_Start                             build/stm32h7xx_hal_tim.o
HAL_TIM_Encoder_Start_DMA                         build/stm32h7xx_hal_tim.o
HAL_TIM_Encoder_Start_IT                          build/stm32h7xx_hal_tim.o
HAL_TIM_Encoder_Stop                              build/stm32h7xx_hal_tim.o
HAL_TIM_Encoder_Stop_DMA                          build/stm32h7xx_hal_tim.o
HAL_TIM_Encoder_Stop_IT                           build/stm32h7xx_hal_tim.o
HAL_TIM_ErrorCallback                             build/stm32h7xx_hal_tim.o
                                                  build/stm32h7xx_hal_tim_ex.o
HAL_TIM_GenerateEvent                             build/stm32h7xx_hal_tim.o
HAL_TIM_GetActiveChannel                          build/stm32h7xx_hal_tim.o
HAL_TIM_GetChannelState                           build/stm32h7xx_hal_tim.o
HAL_TIM_IC_CaptureCallback                        build/stm32h7xx_hal_tim.o
HAL_TIM_IC_CaptureHalfCpltCallback                build/stm32h7xx_hal_tim.o
HAL_TIM_IC_ConfigChannel                          build/stm32h7xx_hal_tim.o
HAL_TIM_IC_DeInit                                 build/stm32h7xx_hal_tim.o
HAL_TIM_IC_GetState                               build/stm32h7xx_hal_tim.o
HAL_TIM_IC_Init                                   build/stm32h7xx_hal_tim.o
HAL_TIM_IC_MspDeInit                              build/stm32h7xx_hal_tim.o
HAL_TIM_IC_MspInit                                build/stm32h7xx_hal_tim.o
HAL_TIM_IC_Start                                  build/stm32h7xx_hal_tim.o
HAL_TIM_IC_Start_DMA                              build/stm32h7xx_hal_tim.o
HAL_TIM_IC_Start_IT                               build/stm32h7xx_hal_tim.o
HAL_TIM_IC_Stop                                   build/stm32h7xx_hal_tim.o
HAL_TIM_IC_Stop_DMA                               build/stm32h7xx_hal_tim.o
HAL_TIM_IC_Stop_IT                                build/stm32h7xx_hal_tim.o
HAL_TIM_IRQHandler                                build/stm32h7xx_hal_tim.o
HAL_TIM_MspPostInit                               build/tim.o
HAL_TIM_OC_ConfigChannel                          build/stm32h7xx_hal_tim.o
                                                  build/tim.o
HAL_TIM_OC_DeInit                                 build/stm32h7xx_hal_tim.o
HAL_TIM_OC_DelayElapsedCallback                   build/stm32h7xx_hal_tim.o
HAL_TIM_OC_GetState                               build/stm32h7xx_hal_tim.o
HAL_TIM_OC_Init                                   build/stm32h7xx_hal_tim.o
                                                  build/tim.o
HAL_TIM_OC_MspDeInit                              build/stm32h7xx_hal_tim.o
HAL_TIM_OC_MspInit                                build/stm32h7xx_hal_tim.o
HAL_TIM_OC_Start                                  build/stm32h7xx_hal_tim.o
                                                  build/main.o
HAL_TIM_OC_Start_DMA                              build/stm32h7xx_hal_tim.o
HAL_TIM_OC_Start_IT                               build/stm32h7xx_hal_tim.o
HAL_TIM_OC_Stop                                   build/stm32h7xx_hal_tim.o
HAL_TIM_OC_Stop_DMA                               build/stm32h7xx_hal_tim.o
HAL_TIM_OC_Stop_IT                                build/stm32h7xx_hal_tim.o
HAL_TIM_OnePulse_ConfigChannel                    build/stm32h7xx_hal_tim.o
HAL_TIM_OnePulse_DeInit                           build/stm32h7xx_hal_tim.o
HAL_TIM_OnePulse_GetState                         build/stm32h7xx_hal_tim.o
HAL_TIM_OnePulse_Init                             build/stm32h7xx_hal_tim.o
HAL_TIM_OnePulse_MspDeInit                        build/stm32h7xx_hal_tim.o
HAL_TIM_OnePulse_MspInit                          build/stm32h7xx_hal_tim.o
HAL_TIM_OnePulse_Start                            build/stm32h7xx_hal_tim.o
HAL_TIM_OnePulse_Start_IT                         build/stm32h7xx_hal_tim.o
HAL_TIM_OnePulse_Stop                             build/stm32h7xx_hal_tim.o
HAL_TIM_OnePulse_Stop_IT                          build/stm32h7xx_hal_tim.o
HAL_TIM_PWM_ConfigChannel                         build/stm32h7xx_hal_tim.o
HAL_TIM_PWM_DeInit                                build/stm32h7xx_hal_tim.o
HAL_TIM_PWM_GetState                              build/stm32h7xx_hal_tim.o
HAL_TIM_PWM_Init                                  build/stm32h7xx_hal_tim.o
HAL_TIM_PWM_MspDeInit                             build/stm32h7xx_hal_tim.o
HAL_TIM_PWM_MspInit                               build/stm32h7xx_hal_tim.o
HAL_TIM_PWM_PulseFinishedCallback                 build/stm32h7xx_hal_tim.o
                                                  build/stm32h7xx_hal_tim_ex.o
HAL_TIM_PWM_PulseFinishedHalfCpltCallback         build/stm32h7xx_hal_tim.o
HAL_TIM_PWM_Start                                 build/stm32h7xx_hal_tim.o
HAL_TIM_PWM_Start_DMA                             build/stm32h7xx_hal_tim.o
HAL_TIM_PWM_Start_IT                              build/stm32h7xx_hal_tim.o
HAL_TIM_PWM_Stop                                  build/stm32h7xx_hal_tim.o
HAL_TIM_PWM_Stop_DMA                              build/stm32h7xx_hal_tim.o
HAL_TIM_PWM_Stop_IT                               build/stm32h7xx_hal_tim.o
HAL_TIM_PeriodElapsedCallback                     build/stm32h7xx_hal_tim.o
HAL_TIM_PeriodElapsedHalfCpltCallback             build/stm32h7xx_hal_tim.o
HAL_TIM_ReadCapturedValue                         build/stm32h7xx_hal_tim.o
HAL_TIM_SlaveConfigSynchro                        build/stm32h7xx_hal_tim.o
HAL_TIM_SlaveConfigSynchro_IT                     build/stm32h7xx_hal_tim.o
HAL_TIM_TriggerCallback                           build/stm32h7xx_hal_tim.o
HAL_TIM_TriggerHalfCpltCallback                   build/stm32h7xx_hal_tim.o
HRTIM1_FLT_IRQHandler                             build/startup_stm32h743xx.o
HRTIM1_Master_IRQHandler                          build/startup_stm32h743xx.o
HRTIM1_TIMA_IRQHandler                            build/startup_stm32h743xx.o
HRTIM1_TIMB_IRQHandler                            build/startup_stm32h743xx.o
HRTIM1_TIMC_IRQHandler                            build/startup_stm32h743xx.o
HRTIM1_TIMD_IRQHandler                            build/startup_stm32h743xx.o
HRTIM1_TIME_IRQHandler                            build/startup_stm32h743xx.o
HSEM1_IRQHandler                                  build/startup_stm32h743xx.o
HardFault_Handler                                 build/stm32h7xx_it.o
I2C1_ER_IRQHandler                                build/startup_stm32h743xx.o
I2C1_EV_IRQHandler                                build/startup_stm32h743xx.o
I2C2_ER_IRQHandler                                build/startup_stm32h743xx.o
I2C2_EV_IRQHandler                                build/startup_stm32h743xx.o
I2C3_ER_IRQHandler                                build/startup_stm32h743xx.o
I2C3_EV_IRQHandler                                build/startup_stm32h743xx.o
I2C4_ER_IRQHandler                                build/startup_stm32h743xx.o
I2C4_EV_IRQHandler                                build/startup_stm32h743xx.o
JPEG_IRQHandler                                   build/startup_stm32h743xx.o
LPTIM1_IRQHandler                                 build/startup_stm32h743xx.o
LPTIM2_IRQHandler                                 build/startup_stm32h743xx.o
LPTIM3_IRQHandler                                 build/startup_stm32h743xx.o
LPTIM4_IRQHandler                                 build/startup_stm32h743xx.o
LPTIM5_IRQHandler                                 build/startup_stm32h743xx.o
LPUART1_IRQHandler                                build/startup_stm32h743xx.o
LTDC_ER_IRQHandler                                build/startup_stm32h743xx.o
LTDC_IRQHandler                                   build/startup_stm32h743xx.o
MDIOS_IRQHandler                                  build/startup_stm32h743xx.o
MDIOS_WKUP_IRQHandler                             build/startup_stm32h743xx.o
MDMA_IRQHandler                                   build/startup_stm32h743xx.o
MX_GPIO_Init                                      build/gpio.o
                                                  build/main.o
MX_TIM15_Init                                     build/tim.o
                                                  build/main.o
MX_TIM16_Init                                     build/tim.o
                                                  build/main.o
MX_TIM3_Init                                      build/tim.o
                                                  build/main.o
MemManage_Handler                                 build/stm32h7xx_it.o
NMI_Handler                                       build/stm32h7xx_it.o
OTG_FS_EP1_IN_IRQHandler                          build/startup_stm32h743xx.o
OTG_FS_EP1_OUT_IRQHandler                         build/startup_stm32h743xx.o
OTG_FS_IRQHandler                                 build/startup_stm32h743xx.o
OTG_FS_WKUP_IRQHandler                            build/startup_stm32h743xx.o
OTG_HS_EP1_IN_IRQHandler                          build/startup_stm32h743xx.o
OTG_HS_EP1_OUT_IRQHandler                         build/startup_stm32h743xx.o
OTG_HS_IRQHandler                                 build/startup_stm32h743xx.o
OTG_HS_WKUP_IRQHandler                            build/startup_stm32h743xx.o
PVD_AVD_IRQHandler                                build/startup_stm32h743xx.o
PendSV_Handler                                    build/stm32h7xx_it.o
QUADSPI_IRQHandler                                build/startup_stm32h743xx.o
RCC_IRQHandler                                    build/startup_stm32h743xx.o
RNG_IRQHandler                                    build/startup_stm32h743xx.o
RTC_Alarm_IRQHandler                              build/startup_stm32h743xx.o
RTC_WKUP_IRQHandler                               build/startup_stm32h743xx.o
Reset_Handler                                     build/startup_stm32h743xx.o
SAI1_IRQHandler                                   build/startup_stm32h743xx.o
SAI2_IRQHandler                                   build/startup_stm32h743xx.o
SAI3_IRQHandler                                   build/startup_stm32h743xx.o
SAI4_IRQHandler                                   build/startup_stm32h743xx.o
SDMMC1_IRQHandler                                 build/startup_stm32h743xx.o
SDMMC2_IRQHandler                                 build/startup_stm32h743xx.o
SPDIF_RX_IRQHandler                               build/startup_stm32h743xx.o
SPI1_IRQHandler                                   build/startup_stm32h743xx.o
SPI2_IRQHandler                                   build/startup_stm32h743xx.o
SPI3_IRQHandler                                   build/startup_stm32h743xx.o
SPI4_IRQHandler                                   build/startup_stm32h743xx.o
SPI5_IRQHandler                                   build/startup_stm32h743xx.o
SPI6_IRQHandler                                   build/startup_stm32h743xx.o
SVC_Handler                                       build/stm32h7xx_it.o
SWPMI1_IRQHandler                                 build/startup_stm32h743xx.o
SysTick_Handler                                   build/stm32h7xx_it.o
SystemClock_Config                                build/main.o
SystemCoreClock                                   build/system_stm32h7xx.o
                                                  build/stm32h7xx_hal.o
                                                  build/stm32h7xx_hal_mdma.o
                                                  build/stm32h7xx_hal_dma.o
                                                  build/stm32h7xx_hal_rcc_ex.o
                                                  build/stm32h7xx_hal_rcc.o
SystemCoreClockUpdate                             build/system_stm32h7xx.o
SystemD2Clock                                     build/system_stm32h7xx.o
                                                  build/stm32h7xx_hal.o
                                                  build/stm32h7xx_hal_rcc_ex.o
                                                  build/stm32h7xx_hal_rcc.o
SystemInit                                        build/system_stm32h7xx.o
                                                  build/startup_stm32h743xx.o
TAMP_STAMP_IRQHandler                             build/startup_stm32h743xx.o
TIM15_IRQHandler                                  build/startup_stm32h743xx.o
TIM16_IRQHandler                                  build/startup_stm32h743xx.o
TIM17_IRQHandler                                  build/startup_stm32h743xx.o
TIM1_BRK_IRQHandler                               build/startup_stm32h743xx.o
TIM1_CC_IRQHandler                                build/startup_stm32h743xx.o
TIM1_TRG_COM_IRQHandler                           build/startup_stm32h743xx.o
TIM1_UP_IRQHandler                                build/startup_stm32h743xx.o
TIM2_IRQHandler                                   build/startup_stm32h743xx.o
TIM3_IRQHandler                                   build/startup_stm32h743xx.o